#
# There is insufficient memory for the Java Runtime Environment to continue.
# Native memory allocation (malloc) failed to allocate 1355216 bytes. Error detail: Chunk::new
# Possible reasons:
#   The system is out of physical RAM or swap space
#   This process is running with CompressedOops enabled, and the Java Heap may be blocking the growth of the native heap
# Possible solutions:
#   Reduce memory load on the system
#   Increase physical memory or swap space
#   Check if swap backing store is full
#   Decrease Java heap size (-Xmx/-Xms)
#   Decrease number of Java threads
#   Decrease Java thread stack sizes (-Xss)
#   Set larger code cache with -XX:ReservedCodeCacheSize=
#   JVM is running with Unscaled Compressed Oops mode in which the Java heap is
#     placed in the first 4GB address space. The Java Heap base address is the
#     maximum limit for the native heap growth. Please use -XX:HeapBaseMinAddress
#     to set the Java Heap base and to place the Java Heap above 4GB virtual address.
# This output file may be truncated or incomplete.
#
#  Out of Memory Error (arena.cpp:168), pid=1444, tid=14116
#
# JRE version: OpenJDK Runtime Environment (21.0.8) (build 21.0.8+-14196175-b1038.72)
# Java VM: OpenJDK 64-Bit Server VM (21.0.8+-14196175-b1038.72, mixed mode, tiered, compressed oops, compressed class ptrs, g1 gc, windows-amd64)
# No core dump will be written. Minidumps are not enabled by default on client versions of Windows
#

---------------  S U M M A R Y ------------

Command Line: --add-opens=java.base/java.lang=ALL-UNNAMED --add-opens=java.base/java.lang.invoke=ALL-UNNAMED --add-opens=java.base/java.util=ALL-UNNAMED --add-opens=java.prefs/java.util.prefs=ALL-UNNAMED --add-exports=jdk.compiler/com.sun.tools.javac.api=ALL-UNNAMED --add-exports=jdk.compiler/com.sun.tools.javac.util=ALL-UNNAMED --add-opens=java.base/java.util=ALL-UNNAMED --add-opens=java.prefs/java.util.prefs=ALL-UNNAMED --add-opens=java.base/java.nio.charset=ALL-UNNAMED --add-opens=java.base/java.net=ALL-UNNAMED --add-opens=java.base/java.util.concurrent.atomic=ALL-UNNAMED --add-opens=java.xml/javax.xml.namespace=ALL-UNNAMED -Xmx2048m -Dfile.encoding=UTF-8 -Duser.country=US -Duser.language=en -Duser.variant -javaagent:C:\Users\Hp\.gradle\wrapper\dists\gradle-8.13-bin\5xuhj0ry160q40clulazy9h7d\gradle-8.13\lib\agents\gradle-instrumentation-agent-8.13.jar org.gradle.launcher.daemon.bootstrap.GradleDaemon 8.13

Host: Intel(R) Core(TM) i7-6600U CPU @ 2.60GHz, 4 cores, 7G,  Windows 11 , 64 bit Build 22621 (10.0.22621.3958)
Time: Sun Nov  2 04:04:26 2025 E. Africa Standard Time elapsed time: 11.338462 seconds (0d 0h 0m 11s)

---------------  T H R E A D  ---------------

Current thread (0x000001d1ad082a60):  JavaThread "C2 CompilerThread0" daemon [_thread_in_native, id=14116, stack(0x0000009862700000,0x0000009862800000) (1024K)]


Current CompileTask:
C2:11338 6597   !   4       java.net.URLClassLoader::findClass (47 bytes)

Stack: [0x0000009862700000,0x0000009862800000]
Native frames: (J=compiled Java code, j=interpreted, Vv=VM code, C=native code)
V  [jvm.dll+0x6d68d9]
V  [jvm.dll+0x866693]
V  [jvm.dll+0x868c4e]
V  [jvm.dll+0x869333]
V  [jvm.dll+0x280566]
V  [jvm.dll+0xc07cd]
V  [jvm.dll+0xc0d03]
V  [jvm.dll+0x3b95e1]
V  [jvm.dll+0x385507]
V  [jvm.dll+0x38497a]
V  [jvm.dll+0x249252]
V  [jvm.dll+0x248821]
V  [jvm.dll+0x1c73a4]
V  [jvm.dll+0x257f9e]
V  [jvm.dll+0x2564e6]
V  [jvm.dll+0x3f4696]
V  [jvm.dll+0x80eac8]
V  [jvm.dll+0x6d512d]
C  [ucrtbase.dll+0x29333]
C  [KERNEL32.DLL+0x1257d]
C  [ntdll.dll+0x5af08]


---------------  P R O C E S S  ---------------

Threads class SMR info:
_java_thread_list=0x000001d1b1a785c0, length=47, elements={
0x000001d191daac40, 0x000001d1ad051df0, 0x000001d1ad063970, 0x000001d1ad056d90,
0x000001d1ad074980, 0x000001d1ad07fb30, 0x000001d1ad080590, 0x000001d1ad080ff0,
0x000001d1ad082a60, 0x000001d1ad0860c0, 0x000001d1ad2d5950, 0x000001d1ae4739c0,
0x000001d1aed88d50, 0x000001d1aeef0250, 0x000001d1aef12b30, 0x000001d1aeeebeb0,
0x000001d1aecb5870, 0x000001d1aec9f790, 0x000001d1aebc1f30, 0x000001d1aebc1210,
0x000001d1aebc04f0, 0x000001d1aebc18a0, 0x000001d1aebc25c0, 0x000001d1aebbf140,
0x000001d1aebbfe60, 0x000001d1aebc0b80, 0x000001d1b0c1d590, 0x000001d1b0c1a110,
0x000001d1b0c20a10, 0x000001d1b0c19a80, 0x000001d1b0c1bb50, 0x000001d1b0c210a0,
0x000001d1aff47940, 0x000001d1b0c20380, 0x000001d1b0c1e2b0, 0x000001d1b0c1c1e0,
0x000001d1b0c1cf00, 0x000001d1b0c1a7a0, 0x000001d1b0c1f660, 0x000001d1b0c1fcf0,
0x000001d1b0c1ae30, 0x000001d1b0c1b4c0, 0x000001d1b3c4be20, 0x000001d1b3c4cb40,
0x000001d1b3c4d1d0, 0x000001d1b3c49030, 0x000001d1b3c4d860
}
_to_delete_list=0x000001d1b1a783e0, length=46, elements={
0x000001d191daac40, 0x000001d1ad051df0, 0x000001d1ad063970, 0x000001d1ad056d90,
0x000001d1ad074980, 0x000001d1ad07fb30, 0x000001d1ad080590, 0x000001d1ad080ff0,
0x000001d1ad082a60, 0x000001d1ad0860c0, 0x000001d1ad2d5950, 0x000001d1ae4739c0,
0x000001d1aed88d50, 0x000001d1aeef0250, 0x000001d1aef12b30, 0x000001d1aeeebeb0,
0x000001d1aecb5870, 0x000001d1aec9f790, 0x000001d1aebc1f30, 0x000001d1aebc1210,
0x000001d1aebc04f0, 0x000001d1aebc18a0, 0x000001d1aebc25c0, 0x000001d1aebbf140,
0x000001d1aebbfe60, 0x000001d1aebc0b80, 0x000001d1b0c1d590, 0x000001d1b0c1a110,
0x000001d1b0c20a10, 0x000001d1b0c19a80, 0x000001d1b0c1bb50, 0x000001d1b0c210a0,
0x000001d1aff47940, 0x000001d1b0c20380, 0x000001d1b0c1e2b0, 0x000001d1b0c1c1e0,
0x000001d1b0c1cf00, 0x000001d1b0c1a7a0, 0x000001d1b0c1f660, 0x000001d1b0c1fcf0,
0x000001d1b0c1ae30, 0x000001d1b0c1b4c0, 0x000001d1b3c4be20, 0x000001d1b3c4cb40,
0x000001d1b3c4d1d0, 0x000001d1b3c49030
}

Java Threads: ( => current thread )
  0x000001d191daac40 JavaThread "main"                              [_thread_blocked, id=9784, stack(0x0000009861800000,0x0000009861900000) (1024K)]
  0x000001d1ad051df0 JavaThread "Common-Cleaner"             daemon [_thread_blocked, id=3652, stack(0x0000009862000000,0x0000009862100000) (1024K)]
  0x000001d1ad063970 JavaThread "Reference Handler"          daemon [_thread_blocked, id=11720, stack(0x0000009862100000,0x0000009862200000) (1024K)]
  0x000001d1ad056d90 JavaThread "Finalizer"                  daemon [_thread_blocked, id=3108, stack(0x0000009862200000,0x0000009862300000) (1024K)]
  0x000001d1ad074980 JavaThread "Signal Dispatcher"          daemon [_thread_blocked, id=12840, stack(0x0000009862300000,0x0000009862400000) (1024K)]
  0x000001d1ad07fb30 JavaThread "Attach Listener"            daemon [_thread_blocked, id=2364, stack(0x0000009862400000,0x0000009862500000) (1024K)]
  0x000001d1ad080590 JavaThread "Service Thread"             daemon [_thread_blocked, id=14008, stack(0x0000009862500000,0x0000009862600000) (1024K)]
  0x000001d1ad080ff0 JavaThread "Monitor Deflation Thread"   daemon [_thread_blocked, id=13516, stack(0x0000009862600000,0x0000009862700000) (1024K)]
=>0x000001d1ad082a60 JavaThread "C2 CompilerThread0"         daemon [_thread_in_native, id=14116, stack(0x0000009862700000,0x0000009862800000) (1024K)]
  0x000001d1ad0860c0 JavaThread "C1 CompilerThread0"         daemon [_thread_blocked, id=1716, stack(0x0000009862800000,0x0000009862900000) (1024K)]
  0x000001d1ad2d5950 JavaThread "Notification Thread"        daemon [_thread_blocked, id=6324, stack(0x0000009862900000,0x0000009862a00000) (1024K)]
  0x000001d1ae4739c0 JavaThread "Daemon health stats"               [_thread_blocked, id=1360, stack(0x0000009862c00000,0x0000009862d00000) (1024K)]
  0x000001d1aed88d50 JavaThread "Incoming local TCP Connector on port 50386"        [_thread_in_native, id=6536, stack(0x0000009862e00000,0x0000009862f00000) (1024K)]
  0x000001d1aeef0250 JavaThread "Daemon periodic checks"            [_thread_blocked, id=6548, stack(0x0000009862f00000,0x0000009863000000) (1024K)]
  0x000001d1aef12b30 JavaThread "Daemon"                            [_thread_blocked, id=2788, stack(0x0000009863000000,0x0000009863100000) (1024K)]
  0x000001d1aeeebeb0 JavaThread "Handler for socket connection from /127.0.0.1:50386 to /127.0.0.1:50387"        [_thread_in_native, id=5132, stack(0x0000009863100000,0x0000009863200000) (1024K)]
  0x000001d1aecb5870 JavaThread "Cancel handler"                    [_thread_blocked, id=2700, stack(0x0000009863200000,0x0000009863300000) (1024K)]
  0x000001d1aec9f790 JavaThread "Daemon worker"                     [_thread_in_native, id=2428, stack(0x0000009863300000,0x0000009863400000) (1024K)]
  0x000001d1aebc1f30 JavaThread "Asynchronous log dispatcher for DefaultDaemonConnection: socket connection from /127.0.0.1:50386 to /127.0.0.1:50387"        [_thread_blocked, id=1788, stack(0x0000009863400000,0x0000009863500000) (1024K)]
  0x000001d1aebc1210 JavaThread "Stdin handler"                     [_thread_blocked, id=14324, stack(0x0000009863500000,0x0000009863600000) (1024K)]
  0x000001d1aebc04f0 JavaThread "Daemon client event forwarder"        [_thread_blocked, id=1800, stack(0x0000009863600000,0x0000009863700000) (1024K)]
  0x000001d1aebc18a0 JavaThread "Cache worker for journal cache (C:\Users\Hp\.gradle\caches\journal-1)"        [_thread_blocked, id=9560, stack(0x0000009863700000,0x0000009863800000) (1024K)]
  0x000001d1aebc25c0 JavaThread "File lock request listener"        [_thread_in_native, id=8528, stack(0x0000009863800000,0x0000009863900000) (1024K)]
  0x000001d1aebbf140 JavaThread "Cache worker for file hash cache (C:\Users\Hp\.gradle\caches\8.13\fileHashes)"        [_thread_blocked, id=10004, stack(0x0000009863900000,0x0000009863a00000) (1024K)]
  0x000001d1aebbfe60 JavaThread "Cache worker for file hash cache (C:\Users\Hp\AndroidStudioProjects\MyApplication4\EduApp\.gradle\8.13\fileHashes)"        [_thread_blocked, id=10024, stack(0x0000009863b00000,0x0000009863c00000) (1024K)]
  0x000001d1aebc0b80 JavaThread "Cache worker for Build Output Cleanup Cache (C:\Users\Hp\AndroidStudioProjects\MyApplication4\EduApp\.gradle\buildOutputCleanup)"        [_thread_blocked, id=5596, stack(0x0000009863c00000,0x0000009863d00000) (1024K)]
  0x000001d1b0c1d590 JavaThread "File watcher server"        daemon [_thread_in_native, id=8552, stack(0x0000009863d00000,0x0000009863e00000) (1024K)]
  0x000001d1b0c1a110 JavaThread "File watcher consumer"      daemon [_thread_blocked, id=4384, stack(0x0000009863e00000,0x0000009863f00000) (1024K)]
  0x000001d1b0c20a10 JavaThread "jar transforms"                    [_thread_blocked, id=5536, stack(0x0000009863f00000,0x0000009864000000) (1024K)]
  0x000001d1b0c19a80 JavaThread "jar transforms Thread 2"           [_thread_blocked, id=12100, stack(0x0000009864000000,0x0000009864100000) (1024K)]
  0x000001d1b0c1bb50 JavaThread "jar transforms Thread 3"           [_thread_blocked, id=11460, stack(0x0000009864100000,0x0000009864200000) (1024K)]
  0x000001d1b0c210a0 JavaThread "jar transforms Thread 4"           [_thread_blocked, id=5172, stack(0x0000009864200000,0x0000009864300000) (1024K)]
  0x000001d1aff47940 JavaThread "C2 CompilerThread1"         daemon [_thread_in_native, id=14176, stack(0x0000009863a00000,0x0000009863b00000) (1024K)]
  0x000001d1b0c20380 JavaThread "Cache worker for checksums cache (C:\Users\Hp\AndroidStudioProjects\MyApplication4\EduApp\.gradle\8.13\checksums)"        [_thread_blocked, id=12596, stack(0x0000009864300000,0x0000009864400000) (1024K)]
  0x000001d1b0c1e2b0 JavaThread "Cache worker for file content cache (C:\Users\Hp\.gradle\caches\8.13\fileContent)"        [_thread_blocked, id=9124, stack(0x0000009864400000,0x0000009864500000) (1024K)]
  0x000001d1b0c1c1e0 JavaThread "Cache worker for cache directory md-supplier (C:\Users\Hp\.gradle\caches\8.13\md-supplier)"        [_thread_blocked, id=4020, stack(0x0000009864500000,0x0000009864600000) (1024K)]
  0x000001d1b0c1cf00 JavaThread "Cache worker for cache directory md-rule (C:\Users\Hp\.gradle\caches\8.13\md-rule)"        [_thread_blocked, id=13608, stack(0x0000009864600000,0x0000009864700000) (1024K)]
  0x000001d1b0c1a7a0 JavaThread "Unconstrained build operations"        [_thread_blocked, id=612, stack(0x0000009864700000,0x0000009864800000) (1024K)]
  0x000001d1b0c1f660 JavaThread "Unconstrained build operations Thread 2"        [_thread_blocked, id=14020, stack(0x0000009864800000,0x0000009864900000) (1024K)]
  0x000001d1b0c1fcf0 JavaThread "Unconstrained build operations Thread 3"        [_thread_blocked, id=14312, stack(0x0000009864900000,0x0000009864a00000) (1024K)]
  0x000001d1b0c1ae30 JavaThread "Unconstrained build operations Thread 4"        [_thread_blocked, id=9464, stack(0x0000009864a00000,0x0000009864b00000) (1024K)]
  0x000001d1b0c1b4c0 JavaThread "Unconstrained build operations Thread 5"        [_thread_blocked, id=3592, stack(0x0000009864b00000,0x0000009864c00000) (1024K)]
  0x000001d1b3c4be20 JavaThread "Unconstrained build operations Thread 6"        [_thread_blocked, id=5908, stack(0x0000009864c00000,0x0000009864d00000) (1024K)]
  0x000001d1b3c4cb40 JavaThread "Unconstrained build operations Thread 7"        [_thread_blocked, id=9492, stack(0x0000009864d00000,0x0000009864e00000) (1024K)]
  0x000001d1b3c4d1d0 JavaThread "Unconstrained build operations Thread 8"        [_thread_blocked, id=13184, stack(0x0000009864e00000,0x0000009864f00000) (1024K)]
  0x000001d1b3c49030 JavaThread "Unconstrained build operations Thread 9"        [_thread_blocked, id=12988, stack(0x0000009864f00000,0x0000009865000000) (1024K)]
  0x000001d1b3c4d860 JavaThread "Unconstrained build operations Thread 10"        [_thread_blocked, id=13840, stack(0x0000009865000000,0x0000009865100000) (1024K)]
Total: 47

Other Threads:
  0x000001d1a8c03d30 VMThread "VM Thread"                           [id=3096, stack(0x0000009861f00000,0x0000009862000000) (1024K)]
  0x000001d1a8b9d1b0 WatcherThread "VM Periodic Task Thread"        [id=3512, stack(0x0000009861e00000,0x0000009861f00000) (1024K)]
  0x000001d191e036b0 WorkerThread "GC Thread#0"                     [id=4676, stack(0x0000009861900000,0x0000009861a00000) (1024K)]
  0x000001d1ad54fbf0 WorkerThread "GC Thread#1"                     [id=5368, stack(0x0000009862a00000,0x0000009862b00000) (1024K)]
  0x000001d1ad54ff90 WorkerThread "GC Thread#2"                     [id=12692, stack(0x0000009862b00000,0x0000009862c00000) (1024K)]
  0x000001d1ae16e890 WorkerThread "GC Thread#3"                     [id=8896, stack(0x0000009862d00000,0x0000009862e00000) (1024K)]
  0x000001d191e145b0 ConcurrentGCThread "G1 Main Marker"            [id=9724, stack(0x0000009861a00000,0x0000009861b00000) (1024K)]
  0x000001d191e15f80 WorkerThread "G1 Conc#0"                       [id=2304, stack(0x0000009861b00000,0x0000009861c00000) (1024K)]
  0x000001d191e6e780 ConcurrentGCThread "G1 Refine#0"               [id=2528, stack(0x0000009861c00000,0x0000009861d00000) (1024K)]
  0x000001d1a8a635e0 ConcurrentGCThread "G1 Service"                [id=4544, stack(0x0000009861d00000,0x0000009861e00000) (1024K)]
Total: 10

Threads with active compile tasks:
C2 CompilerThread0  11414 6597   !   4       java.net.URLClassLoader::findClass (47 bytes)
C1 CompilerThread0  11414 6708       3       sun.net.www.protocol.file.FileURLConnection::<init> (38 bytes)
C2 CompilerThread1  11415 6602       4       java.net.URLClassLoader$1::run (5 bytes)
Total: 3

VM state: not at safepoint (normal execution)

VM Mutex/Monitor currently owned by a thread:  ([mutex/lock_event])
[0x00007ff813ea7038] MethodCompileQueue_lock - owner thread: 0x0000000000000000

Heap address: 0x0000000080000000, size: 2048 MB, Compressed Oops mode: 32-bit

CDS archive(s) not mapped
Compressed class space mapped at: 0x0000000100000000-0x0000000140000000, reserved size: 1073741824
Narrow klass base: 0x0000000000000000, Narrow klass shift: 3, Narrow klass range: 0x140000000

GC Precious Log:
 CardTable entry size: 512
 Card Set container configuration: InlinePtr #cards 5 size 8 Array Of Cards #cards 12 size 40 Howl #buckets 4 coarsen threshold 1843 Howl Bitmap #cards 512 size 80 coarsen threshold 460 Card regions per heap region 1 cards per card region 2048
 CPUs: 4 total, 4 available
 Memory: 8072M
 Large Page Support: Disabled
 NUMA Support: Disabled
 Compressed Oops: Enabled (32-bit)
 Heap Region Size: 1M
 Heap Min Capacity: 8M
 Heap Initial Capacity: 128M
 Heap Max Capacity: 2G
 Pre-touch: Disabled
 Parallel Workers: 4
 Concurrent Workers: 1
 Concurrent Refinement Workers: 4
 Periodic GC: Disabled

Heap:
 garbage-first heap   total 160768K, used 99463K [0x0000000080000000, 0x0000000100000000)
  region size 1024K, 9 young (9216K), 6 survivors (6144K)
 Metaspace       used 72405K, committed 74112K, reserved 1114112K
  class space    used 10261K, committed 11072K, reserved 1048576K

Heap Regions: E=young(eden), S=young(survivor), O=old, HS=humongous(starts), HC=humongous(continues), CS=collection set, F=free, TAMS=top-at-mark-start, PB=parsable bottom
|   0|0x0000000080000000, 0x0000000080100000, 0x0000000080100000|100%|HS|  |TAMS 0x0000000080100000| PB 0x0000000080000000| Complete 
|   1|0x0000000080100000, 0x0000000080200000, 0x0000000080200000|100%|HC|  |TAMS 0x0000000080200000| PB 0x0000000080100000| Complete 
|   2|0x0000000080200000, 0x0000000080300000, 0x0000000080300000|100%|HC|  |TAMS 0x0000000080300000| PB 0x0000000080200000| Complete 
|   3|0x0000000080300000, 0x0000000080400000, 0x0000000080400000|100%| O|  |TAMS 0x0000000080400000| PB 0x0000000080300000| Untracked 
|   4|0x0000000080400000, 0x0000000080500000, 0x0000000080500000|100%| O|  |TAMS 0x0000000080500000| PB 0x0000000080400000| Untracked 
|   5|0x0000000080500000, 0x0000000080600000, 0x0000000080600000|100%| O|  |TAMS 0x0000000080600000| PB 0x0000000080500000| Untracked 
|   6|0x0000000080600000, 0x0000000080700000, 0x0000000080700000|100%| O|  |TAMS 0x0000000080700000| PB 0x0000000080600000| Untracked 
|   7|0x0000000080700000, 0x0000000080800000, 0x0000000080800000|100%|HS|  |TAMS 0x0000000080800000| PB 0x0000000080700000| Complete 
|   8|0x0000000080800000, 0x0000000080900000, 0x0000000080900000|100%| O|  |TAMS 0x0000000080900000| PB 0x0000000080800000| Untracked 
|   9|0x0000000080900000, 0x0000000080a00000, 0x0000000080a00000|100%| O|  |TAMS 0x0000000080a00000| PB 0x0000000080900000| Untracked 
|  10|0x0000000080a00000, 0x0000000080b00000, 0x0000000080b00000|100%| O|  |TAMS 0x0000000080b00000| PB 0x0000000080a00000| Untracked 
|  11|0x0000000080b00000, 0x0000000080c00000, 0x0000000080c00000|100%| O|  |TAMS 0x0000000080c00000| PB 0x0000000080b00000| Untracked 
|  12|0x0000000080c00000, 0x0000000080d00000, 0x0000000080d00000|100%| O|  |TAMS 0x0000000080d00000| PB 0x0000000080c00000| Untracked 
|  13|0x0000000080d00000, 0x0000000080e00000, 0x0000000080e00000|100%| O|  |TAMS 0x0000000080e00000| PB 0x0000000080d00000| Untracked 
|  14|0x0000000080e00000, 0x0000000080f00000, 0x0000000080f00000|100%| O|  |TAMS 0x0000000080f00000| PB 0x0000000080e00000| Untracked 
|  15|0x0000000080f00000, 0x0000000081000000, 0x0000000081000000|100%| O|  |TAMS 0x0000000081000000| PB 0x0000000080f00000| Untracked 
|  16|0x0000000081000000, 0x0000000081100000, 0x0000000081100000|100%| O|  |TAMS 0x0000000081100000| PB 0x0000000081000000| Untracked 
|  17|0x0000000081100000, 0x0000000081200000, 0x0000000081200000|100%| O|  |TAMS 0x0000000081200000| PB 0x0000000081100000| Untracked 
|  18|0x0000000081200000, 0x0000000081300000, 0x0000000081300000|100%| O|  |TAMS 0x0000000081300000| PB 0x0000000081200000| Untracked 
|  19|0x0000000081300000, 0x0000000081400000, 0x0000000081400000|100%| O|  |TAMS 0x0000000081400000| PB 0x0000000081300000| Untracked 
|  20|0x0000000081400000, 0x0000000081500000, 0x0000000081500000|100%| O|  |TAMS 0x0000000081500000| PB 0x0000000081400000| Untracked 
|  21|0x0000000081500000, 0x0000000081600000, 0x0000000081600000|100%|HS|  |TAMS 0x0000000081600000| PB 0x0000000081500000| Complete 
|  22|0x0000000081600000, 0x0000000081700000, 0x0000000081700000|100%|HC|  |TAMS 0x0000000081700000| PB 0x0000000081600000| Complete 
|  23|0x0000000081700000, 0x0000000081800000, 0x0000000081800000|100%|HC|  |TAMS 0x0000000081800000| PB 0x0000000081700000| Complete 
|  24|0x0000000081800000, 0x0000000081900000, 0x0000000081900000|100%|HC|  |TAMS 0x0000000081900000| PB 0x0000000081800000| Complete 
|  25|0x0000000081900000, 0x0000000081a00000, 0x0000000081a00000|100%|HC|  |TAMS 0x0000000081a00000| PB 0x0000000081900000| Complete 
|  26|0x0000000081a00000, 0x0000000081b00000, 0x0000000081b00000|100%|HC|  |TAMS 0x0000000081b00000| PB 0x0000000081a00000| Complete 
|  27|0x0000000081b00000, 0x0000000081c00000, 0x0000000081c00000|100%|HS|  |TAMS 0x0000000081c00000| PB 0x0000000081b00000| Complete 
|  28|0x0000000081c00000, 0x0000000081d00000, 0x0000000081d00000|100%|HS|  |TAMS 0x0000000081d00000| PB 0x0000000081c00000| Complete 
|  29|0x0000000081d00000, 0x0000000081e00000, 0x0000000081e00000|100%|HC|  |TAMS 0x0000000081e00000| PB 0x0000000081d00000| Complete 
|  30|0x0000000081e00000, 0x0000000081f00000, 0x0000000081f00000|100%|HS|  |TAMS 0x0000000081f00000| PB 0x0000000081e00000| Complete 
|  31|0x0000000081f00000, 0x0000000082000000, 0x0000000082000000|100%|HC|  |TAMS 0x0000000082000000| PB 0x0000000081f00000| Complete 
|  32|0x0000000082000000, 0x0000000082100000, 0x0000000082100000|100%|HC|  |TAMS 0x0000000082100000| PB 0x0000000082000000| Complete 
|  33|0x0000000082100000, 0x0000000082200000, 0x0000000082200000|100%|HC|  |TAMS 0x0000000082200000| PB 0x0000000082100000| Complete 
|  34|0x0000000082200000, 0x0000000082300000, 0x0000000082300000|100%|HS|  |TAMS 0x0000000082300000| PB 0x0000000082200000| Complete 
|  35|0x0000000082300000, 0x0000000082400000, 0x0000000082400000|100%| O|  |TAMS 0x0000000082400000| PB 0x0000000082300000| Untracked 
|  36|0x0000000082400000, 0x0000000082500000, 0x0000000082500000|100%| O|  |TAMS 0x0000000082500000| PB 0x0000000082400000| Untracked 
|  37|0x0000000082500000, 0x0000000082600000, 0x0000000082600000|100%| O|  |TAMS 0x0000000082600000| PB 0x0000000082500000| Untracked 
|  38|0x0000000082600000, 0x0000000082700000, 0x0000000082700000|100%|HS|  |TAMS 0x0000000082700000| PB 0x0000000082600000| Complete 
|  39|0x0000000082700000, 0x0000000082800000, 0x0000000082800000|100%|HC|  |TAMS 0x0000000082800000| PB 0x0000000082700000| Complete 
|  40|0x0000000082800000, 0x0000000082900000, 0x0000000082900000|100%|HC|  |TAMS 0x0000000082900000| PB 0x0000000082800000| Complete 
|  41|0x0000000082900000, 0x0000000082a00000, 0x0000000082a00000|100%|HC|  |TAMS 0x0000000082a00000| PB 0x0000000082900000| Complete 
|  42|0x0000000082a00000, 0x0000000082b00000, 0x0000000082b00000|100%|HC|  |TAMS 0x0000000082b00000| PB 0x0000000082a00000| Complete 
|  43|0x0000000082b00000, 0x0000000082c00000, 0x0000000082c00000|100%|HC|  |TAMS 0x0000000082c00000| PB 0x0000000082b00000| Complete 
|  44|0x0000000082c00000, 0x0000000082d00000, 0x0000000082d00000|100%|HS|  |TAMS 0x0000000082d00000| PB 0x0000000082c00000| Complete 
|  45|0x0000000082d00000, 0x0000000082e00000, 0x0000000082e00000|100%|HS|  |TAMS 0x0000000082e00000| PB 0x0000000082d00000| Complete 
|  46|0x0000000082e00000, 0x0000000082f00000, 0x0000000082f00000|100%|HC|  |TAMS 0x0000000082f00000| PB 0x0000000082e00000| Complete 
|  47|0x0000000082f00000, 0x0000000083000000, 0x0000000083000000|100%|HS|  |TAMS 0x0000000083000000| PB 0x0000000082f00000| Complete 
|  48|0x0000000083000000, 0x0000000083100000, 0x0000000083100000|100%|HC|  |TAMS 0x0000000083100000| PB 0x0000000083000000| Complete 
|  49|0x0000000083100000, 0x0000000083200000, 0x0000000083200000|100%|HC|  |TAMS 0x0000000083200000| PB 0x0000000083100000| Complete 
|  50|0x0000000083200000, 0x0000000083300000, 0x0000000083300000|100%|HC|  |TAMS 0x0000000083300000| PB 0x0000000083200000| Complete 
|  51|0x0000000083300000, 0x0000000083400000, 0x0000000083400000|100%| O|  |TAMS 0x0000000083400000| PB 0x0000000083300000| Untracked 
|  52|0x0000000083400000, 0x0000000083500000, 0x0000000083500000|100%| O|  |TAMS 0x0000000083500000| PB 0x0000000083400000| Untracked 
|  53|0x0000000083500000, 0x0000000083600000, 0x0000000083600000|100%| O|  |TAMS 0x0000000083600000| PB 0x0000000083500000| Untracked 
|  54|0x0000000083600000, 0x0000000083700000, 0x0000000083700000|100%| O|  |TAMS 0x0000000083700000| PB 0x0000000083600000| Untracked 
|  55|0x0000000083700000, 0x0000000083800000, 0x0000000083800000|100%|HS|  |TAMS 0x0000000083800000| PB 0x0000000083700000| Complete 
|  56|0x0000000083800000, 0x0000000083900000, 0x0000000083900000|100%| O|  |TAMS 0x0000000083900000| PB 0x0000000083800000| Untracked 
|  57|0x0000000083900000, 0x0000000083a00000, 0x0000000083a00000|100%| O|  |TAMS 0x0000000083a00000| PB 0x0000000083900000| Untracked 
|  58|0x0000000083a00000, 0x0000000083b00000, 0x0000000083b00000|100%| O|  |TAMS 0x0000000083b00000| PB 0x0000000083a00000| Untracked 
|  59|0x0000000083b00000, 0x0000000083c00000, 0x0000000083c00000|100%| O|  |TAMS 0x0000000083c00000| PB 0x0000000083b00000| Untracked 
|  60|0x0000000083c00000, 0x0000000083d00000, 0x0000000083d00000|100%| O|  |TAMS 0x0000000083d00000| PB 0x0000000083c00000| Untracked 
|  61|0x0000000083d00000, 0x0000000083e00000, 0x0000000083e00000|100%| O|  |TAMS 0x0000000083e00000| PB 0x0000000083d00000| Untracked 
|  62|0x0000000083e00000, 0x0000000083f00000, 0x0000000083f00000|100%| O|  |TAMS 0x0000000083f00000| PB 0x0000000083e00000| Untracked 
|  63|0x0000000083f00000, 0x0000000084000000, 0x0000000084000000|100%| O|  |TAMS 0x0000000084000000| PB 0x0000000083f00000| Untracked 
|  64|0x0000000084000000, 0x0000000084000000, 0x0000000084100000|  0%| F|  |TAMS 0x0000000084000000| PB 0x0000000084000000| Untracked 
|  65|0x0000000084100000, 0x0000000084200000, 0x0000000084200000|100%|HS|  |TAMS 0x0000000084200000| PB 0x0000000084100000| Complete 
|  66|0x0000000084200000, 0x0000000084300000, 0x0000000084300000|100%|HC|  |TAMS 0x0000000084300000| PB 0x0000000084200000| Complete 
|  67|0x0000000084300000, 0x0000000084400000, 0x0000000084400000|100%|HS|  |TAMS 0x0000000084400000| PB 0x0000000084300000| Complete 
|  68|0x0000000084400000, 0x0000000084500000, 0x0000000084500000|100%| O|  |TAMS 0x0000000084500000| PB 0x0000000084400000| Untracked 
|  69|0x0000000084500000, 0x0000000084600000, 0x0000000084600000|100%| O|  |TAMS 0x0000000084600000| PB 0x0000000084500000| Untracked 
|  70|0x0000000084600000, 0x0000000084700000, 0x0000000084700000|100%|HS|  |TAMS 0x0000000084700000| PB 0x0000000084600000| Complete 
|  71|0x0000000084700000, 0x0000000084800000, 0x0000000084800000|100%|HC|  |TAMS 0x0000000084800000| PB 0x0000000084700000| Complete 
|  72|0x0000000084800000, 0x0000000084900000, 0x0000000084900000|100%|HC|  |TAMS 0x0000000084900000| PB 0x0000000084800000| Complete 
|  73|0x0000000084900000, 0x0000000084a00000, 0x0000000084a00000|100%|HC|  |TAMS 0x0000000084a00000| PB 0x0000000084900000| Complete 
|  74|0x0000000084a00000, 0x0000000084b00000, 0x0000000084b00000|100%|HC|  |TAMS 0x0000000084b00000| PB 0x0000000084a00000| Complete 
|  75|0x0000000084b00000, 0x0000000084c00000, 0x0000000084c00000|100%|HC|  |TAMS 0x0000000084c00000| PB 0x0000000084b00000| Complete 
|  76|0x0000000084c00000, 0x0000000084d00000, 0x0000000084d00000|100%|HS|  |TAMS 0x0000000084d00000| PB 0x0000000084c00000| Complete 
|  77|0x0000000084d00000, 0x0000000084e00000, 0x0000000084e00000|100%|HC|  |TAMS 0x0000000084e00000| PB 0x0000000084d00000| Complete 
|  78|0x0000000084e00000, 0x0000000084f00000, 0x0000000084f00000|100%|HC|  |TAMS 0x0000000084f00000| PB 0x0000000084e00000| Complete 
|  79|0x0000000084f00000, 0x0000000085000000, 0x0000000085000000|100%|HC|  |TAMS 0x0000000085000000| PB 0x0000000084f00000| Complete 
|  80|0x0000000085000000, 0x0000000085100000, 0x0000000085100000|100%|HC|  |TAMS 0x0000000085100000| PB 0x0000000085000000| Complete 
|  81|0x0000000085100000, 0x0000000085200000, 0x0000000085200000|100%|HC|  |TAMS 0x0000000085200000| PB 0x0000000085100000| Complete 
|  82|0x0000000085200000, 0x0000000085300000, 0x0000000085300000|100%|HS|  |TAMS 0x0000000085300000| PB 0x0000000085200000| Complete 
|  83|0x0000000085300000, 0x000000008538dd08, 0x0000000085400000| 55%| O|  |TAMS 0x000000008538dd08| PB 0x0000000085300000| Untracked 
|  84|0x0000000085400000, 0x0000000085400000, 0x0000000085500000|  0%| F|  |TAMS 0x0000000085400000| PB 0x0000000085400000| Untracked 
|  85|0x0000000085500000, 0x0000000085500000, 0x0000000085600000|  0%| F|  |TAMS 0x0000000085500000| PB 0x0000000085500000| Untracked 
|  86|0x0000000085600000, 0x0000000085700000, 0x0000000085700000|100%| O|  |TAMS 0x0000000085700000| PB 0x0000000085600000| Untracked 
|  87|0x0000000085700000, 0x0000000085800000, 0x0000000085800000|100%| O|  |TAMS 0x0000000085800000| PB 0x0000000085700000| Untracked 
|  88|0x0000000085800000, 0x0000000085900000, 0x0000000085900000|100%| O|  |TAMS 0x0000000085900000| PB 0x0000000085800000| Untracked 
|  89|0x0000000085900000, 0x0000000085a00000, 0x0000000085a00000|100%| O|  |TAMS 0x0000000085a00000| PB 0x0000000085900000| Untracked 
|  90|0x0000000085a00000, 0x0000000085a00000, 0x0000000085b00000|  0%| F|  |TAMS 0x0000000085a00000| PB 0x0000000085a00000| Untracked 
|  91|0x0000000085b00000, 0x0000000085b00000, 0x0000000085c00000|  0%| F|  |TAMS 0x0000000085b00000| PB 0x0000000085b00000| Untracked 
|  92|0x0000000085c00000, 0x0000000085c00000, 0x0000000085d00000|  0%| F|  |TAMS 0x0000000085c00000| PB 0x0000000085c00000| Untracked 
|  93|0x0000000085d00000, 0x0000000085d00000, 0x0000000085e00000|  0%| F|  |TAMS 0x0000000085d00000| PB 0x0000000085d00000| Untracked 
|  94|0x0000000085e00000, 0x0000000085e00000, 0x0000000085f00000|  0%| F|  |TAMS 0x0000000085e00000| PB 0x0000000085e00000| Untracked 
|  95|0x0000000085f00000, 0x0000000085f00000, 0x0000000086000000|  0%| F|  |TAMS 0x0000000085f00000| PB 0x0000000085f00000| Untracked 
|  96|0x0000000086000000, 0x0000000086094080, 0x0000000086100000| 57%| S|CS|TAMS 0x0000000086000000| PB 0x0000000086000000| Complete 
|  97|0x0000000086100000, 0x0000000086200000, 0x0000000086200000|100%| S|CS|TAMS 0x0000000086100000| PB 0x0000000086100000| Complete 
|  98|0x0000000086200000, 0x0000000086300000, 0x0000000086300000|100%| S|CS|TAMS 0x0000000086200000| PB 0x0000000086200000| Complete 
|  99|0x0000000086300000, 0x0000000086400000, 0x0000000086400000|100%| S|CS|TAMS 0x0000000086300000| PB 0x0000000086300000| Complete 
| 100|0x0000000086400000, 0x0000000086500000, 0x0000000086500000|100%| S|CS|TAMS 0x0000000086400000| PB 0x0000000086400000| Complete 
| 101|0x0000000086500000, 0x0000000086600000, 0x0000000086600000|100%| S|CS|TAMS 0x0000000086500000| PB 0x0000000086500000| Complete 
| 102|0x0000000086600000, 0x0000000086600000, 0x0000000086700000|  0%| F|  |TAMS 0x0000000086600000| PB 0x0000000086600000| Untracked 
| 103|0x0000000086700000, 0x0000000086700000, 0x0000000086800000|  0%| F|  |TAMS 0x0000000086700000| PB 0x0000000086700000| Untracked 
| 104|0x0000000086800000, 0x0000000086800000, 0x0000000086900000|  0%| F|  |TAMS 0x0000000086800000| PB 0x0000000086800000| Untracked 
| 105|0x0000000086900000, 0x0000000086900000, 0x0000000086a00000|  0%| F|  |TAMS 0x0000000086900000| PB 0x0000000086900000| Untracked 
| 106|0x0000000086a00000, 0x0000000086a00000, 0x0000000086b00000|  0%| F|  |TAMS 0x0000000086a00000| PB 0x0000000086a00000| Untracked 
| 107|0x0000000086b00000, 0x0000000086b00000, 0x0000000086c00000|  0%| F|  |TAMS 0x0000000086b00000| PB 0x0000000086b00000| Untracked 
| 108|0x0000000086c00000, 0x0000000086c00000, 0x0000000086d00000|  0%| F|  |TAMS 0x0000000086c00000| PB 0x0000000086c00000| Untracked 
| 109|0x0000000086d00000, 0x0000000086d00000, 0x0000000086e00000|  0%| F|  |TAMS 0x0000000086d00000| PB 0x0000000086d00000| Untracked 
| 110|0x0000000086e00000, 0x0000000086e00000, 0x0000000086f00000|  0%| F|  |TAMS 0x0000000086e00000| PB 0x0000000086e00000| Untracked 
| 111|0x0000000086f00000, 0x0000000086f00000, 0x0000000087000000|  0%| F|  |TAMS 0x0000000086f00000| PB 0x0000000086f00000| Untracked 
| 112|0x0000000087000000, 0x0000000087000000, 0x0000000087100000|  0%| F|  |TAMS 0x0000000087000000| PB 0x0000000087000000| Untracked 
| 113|0x0000000087100000, 0x0000000087100000, 0x0000000087200000|  0%| F|  |TAMS 0x0000000087100000| PB 0x0000000087100000| Untracked 
| 114|0x0000000087200000, 0x0000000087200000, 0x0000000087300000|  0%| F|  |TAMS 0x0000000087200000| PB 0x0000000087200000| Untracked 
| 115|0x0000000087300000, 0x0000000087300000, 0x0000000087400000|  0%| F|  |TAMS 0x0000000087300000| PB 0x0000000087300000| Untracked 
| 116|0x0000000087400000, 0x0000000087400000, 0x0000000087500000|  0%| F|  |TAMS 0x0000000087400000| PB 0x0000000087400000| Untracked 
| 117|0x0000000087500000, 0x0000000087500000, 0x0000000087600000|  0%| F|  |TAMS 0x0000000087500000| PB 0x0000000087500000| Untracked 
| 118|0x0000000087600000, 0x0000000087600000, 0x0000000087700000|  0%| F|  |TAMS 0x0000000087600000| PB 0x0000000087600000| Untracked 
| 119|0x0000000087700000, 0x0000000087700000, 0x0000000087800000|  0%| F|  |TAMS 0x0000000087700000| PB 0x0000000087700000| Untracked 
| 120|0x0000000087800000, 0x0000000087800000, 0x0000000087900000|  0%| F|  |TAMS 0x0000000087800000| PB 0x0000000087800000| Untracked 
| 121|0x0000000087900000, 0x0000000087900000, 0x0000000087a00000|  0%| F|  |TAMS 0x0000000087900000| PB 0x0000000087900000| Untracked 
| 122|0x0000000087a00000, 0x0000000087a00000, 0x0000000087b00000|  0%| F|  |TAMS 0x0000000087a00000| PB 0x0000000087a00000| Untracked 
| 123|0x0000000087b00000, 0x0000000087b00000, 0x0000000087c00000|  0%| F|  |TAMS 0x0000000087b00000| PB 0x0000000087b00000| Untracked 
| 124|0x0000000087c00000, 0x0000000087c00000, 0x0000000087d00000|  0%| F|  |TAMS 0x0000000087c00000| PB 0x0000000087c00000| Untracked 
| 125|0x0000000087d00000, 0x0000000087d00000, 0x0000000087e00000|  0%| F|  |TAMS 0x0000000087d00000| PB 0x0000000087d00000| Untracked 
| 126|0x0000000087e00000, 0x0000000087e00000, 0x0000000087f00000|  0%| F|  |TAMS 0x0000000087e00000| PB 0x0000000087e00000| Untracked 
| 127|0x0000000087f00000, 0x0000000087f00000, 0x0000000088000000|  0%| F|  |TAMS 0x0000000087f00000| PB 0x0000000087f00000| Untracked 
| 128|0x0000000088000000, 0x0000000088000000, 0x0000000088100000|  0%| F|  |TAMS 0x0000000088000000| PB 0x0000000088000000| Untracked 
| 129|0x0000000088100000, 0x0000000088100000, 0x0000000088200000|  0%| F|  |TAMS 0x0000000088100000| PB 0x0000000088100000| Untracked 
| 130|0x0000000088200000, 0x0000000088200000, 0x0000000088300000|  0%| F|  |TAMS 0x0000000088200000| PB 0x0000000088200000| Untracked 
| 131|0x0000000088300000, 0x0000000088300000, 0x0000000088400000|  0%| F|  |TAMS 0x0000000088300000| PB 0x0000000088300000| Untracked 
| 132|0x0000000088400000, 0x0000000088400000, 0x0000000088500000|  0%| F|  |TAMS 0x0000000088400000| PB 0x0000000088400000| Untracked 
| 133|0x0000000088500000, 0x0000000088500000, 0x0000000088600000|  0%| F|  |TAMS 0x0000000088500000| PB 0x0000000088500000| Untracked 
| 134|0x0000000088600000, 0x0000000088600000, 0x0000000088700000|  0%| F|  |TAMS 0x0000000088600000| PB 0x0000000088600000| Untracked 
| 135|0x0000000088700000, 0x0000000088700000, 0x0000000088800000|  0%| F|  |TAMS 0x0000000088700000| PB 0x0000000088700000| Untracked 
| 136|0x0000000088800000, 0x0000000088800000, 0x0000000088900000|  0%| F|  |TAMS 0x0000000088800000| PB 0x0000000088800000| Untracked 
| 137|0x0000000088900000, 0x0000000088900000, 0x0000000088a00000|  0%| F|  |TAMS 0x0000000088900000| PB 0x0000000088900000| Untracked 
| 138|0x0000000088a00000, 0x0000000088a00000, 0x0000000088b00000|  0%| F|  |TAMS 0x0000000088a00000| PB 0x0000000088a00000| Untracked 
| 139|0x0000000088b00000, 0x0000000088b00000, 0x0000000088c00000|  0%| F|  |TAMS 0x0000000088b00000| PB 0x0000000088b00000| Untracked 
| 140|0x0000000088c00000, 0x0000000088c00000, 0x0000000088d00000|  0%| F|  |TAMS 0x0000000088c00000| PB 0x0000000088c00000| Untracked 
| 141|0x0000000088d00000, 0x0000000088d00000, 0x0000000088e00000|  0%| F|  |TAMS 0x0000000088d00000| PB 0x0000000088d00000| Untracked 
| 142|0x0000000088e00000, 0x0000000088e00000, 0x0000000088f00000|  0%| F|  |TAMS 0x0000000088e00000| PB 0x0000000088e00000| Untracked 
| 143|0x0000000088f00000, 0x0000000088f00000, 0x0000000089000000|  0%| F|  |TAMS 0x0000000088f00000| PB 0x0000000088f00000| Untracked 
| 144|0x0000000089000000, 0x0000000089000000, 0x0000000089100000|  0%| F|  |TAMS 0x0000000089000000| PB 0x0000000089000000| Untracked 
| 145|0x0000000089100000, 0x0000000089100000, 0x0000000089200000|  0%| F|  |TAMS 0x0000000089100000| PB 0x0000000089100000| Untracked 
| 146|0x0000000089200000, 0x0000000089200000, 0x0000000089300000|  0%| F|  |TAMS 0x0000000089200000| PB 0x0000000089200000| Untracked 
| 147|0x0000000089300000, 0x0000000089300000, 0x0000000089400000|  0%| F|  |TAMS 0x0000000089300000| PB 0x0000000089300000| Untracked 
| 148|0x0000000089400000, 0x0000000089400000, 0x0000000089500000|  0%| F|  |TAMS 0x0000000089400000| PB 0x0000000089400000| Untracked 
| 149|0x0000000089500000, 0x0000000089500000, 0x0000000089600000|  0%| F|  |TAMS 0x0000000089500000| PB 0x0000000089500000| Untracked 
| 150|0x0000000089600000, 0x0000000089600000, 0x0000000089700000|  0%| F|  |TAMS 0x0000000089600000| PB 0x0000000089600000| Untracked 
| 151|0x0000000089700000, 0x00000000897cfab0, 0x0000000089800000| 81%| E|  |TAMS 0x0000000089700000| PB 0x0000000089700000| Complete 
| 152|0x0000000089800000, 0x0000000089900000, 0x0000000089900000|100%| E|CS|TAMS 0x0000000089800000| PB 0x0000000089800000| Complete 
| 153|0x0000000089900000, 0x0000000089a00000, 0x0000000089a00000|100%| E|CS|TAMS 0x0000000089900000| PB 0x0000000089900000| Complete 
|2045|0x00000000ffd00000, 0x00000000ffe00000, 0x00000000ffe00000|100%| O|  |TAMS 0x00000000ffe00000| PB 0x00000000ffd00000| Untracked 
|2046|0x00000000ffe00000, 0x00000000fff00000, 0x00000000fff00000|100%| O|  |TAMS 0x00000000fff00000| PB 0x00000000ffe00000| Untracked 
|2047|0x00000000fff00000, 0x0000000100000000, 0x0000000100000000|100%| O|  |TAMS 0x0000000100000000| PB 0x00000000fff00000| Untracked 

Card table byte_map: [0x000001d1a4300000,0x000001d1a4700000] _byte_map_base: 0x000001d1a3f00000

Marking Bits: (CMBitMap*) 0x000001d191e03b60
 Bits: [0x000001d1a4700000, 0x000001d1a6700000)

Polling page: 0x000001d18fbe0000

Metaspace:

Usage:
  Non-class:     60.71 MB used.
      Class:     10.03 MB used.
       Both:     70.74 MB used.

Virtual space:
  Non-class space:       64.00 MB reserved,      61.56 MB ( 96%) committed,  1 nodes.
      Class space:        1.00 GB reserved,      10.88 MB (  1%) committed,  1 nodes.
             Both:        1.06 GB reserved,      72.44 MB (  7%) committed. 

Chunk freelists:
   Non-Class:  2.20 MB
       Class:  5.17 MB
        Both:  7.37 MB

MaxMetaspaceSize: unlimited
CompressedClassSpaceSize: 1.00 GB
Initial GC threshold: 21.00 MB
Current GC threshold: 100.12 MB
CDS: off
 - commit_granule_bytes: 65536.
 - commit_granule_words: 8192.
 - virtual_space_node_default_size: 8388608.
 - enlarge_chunks_in_place: 1.
 - use_allocation_guard: 0.


Internal statistics:

num_allocs_failed_limit: 6.
num_arena_births: 3324.
num_arena_deaths: 0.
num_vsnodes_births: 2.
num_vsnodes_deaths: 0.
num_space_committed: 1159.
num_space_uncommitted: 0.
num_chunks_returned_to_freelist: 6.
num_chunks_taken_from_freelist: 6354.
num_chunk_merges: 3.
num_chunk_splits: 4121.
num_chunks_enlarged: 2516.
num_inconsistent_stats: 0.

CodeHeap 'non-profiled nmethods': size=120000Kb used=3490Kb max_used=3490Kb free=116509Kb
 bounds [0x000001d19c9d0000, 0x000001d19cd40000, 0x000001d1a3f00000]
CodeHeap 'profiled nmethods': size=120000Kb used=11264Kb max_used=11264Kb free=108736Kb
 bounds [0x000001d194f00000, 0x000001d195a00000, 0x000001d19c430000]
CodeHeap 'non-nmethods': size=5760Kb used=2745Kb max_used=2816Kb free=3014Kb
 bounds [0x000001d19c430000, 0x000001d19c710000, 0x000001d19c9d0000]
CodeCache: size=245760Kb, used=17499Kb, max_used=17570Kb, free=228259Kb
 total_blobs=6784, nmethods=5895, adapters=793, full_count=0
Compilation: enabled, stopped_count=0, restarted_count=0

Compilation events (20 events):
Event: 11.292 Thread 0x000001d1ad0860c0 6639       3       org.objectweb.asm.ClassReader::readShort (27 bytes)
Event: 11.292 Thread 0x000001d1ad0860c0 nmethod 6639 0x000001d1959d0b10 code [0x000001d1959d0cc0, 0x000001d1959d0e38]
Event: 11.292 Thread 0x000001d1ad0860c0 6640       3       org.objectweb.asm.Handle::hashCode (43 bytes)
Event: 11.292 Thread 0x000001d1ad0860c0 nmethod 6640 0x000001d1959d0f10 code [0x000001d1959d10e0, 0x000001d1959d1310]
Event: 11.292 Thread 0x000001d1ad0860c0 6641       3       org.objectweb.asm.ClassReader::readConst (276 bytes)
Event: 11.294 Thread 0x000001d1ad0860c0 nmethod 6641 0x000001d1959d1490 code [0x000001d1959d1920, 0x000001d1959d3500]
Event: 11.295 Thread 0x000001d1ad0860c0 6642       3       org.objectweb.asm.Frame::addInitializedType (77 bytes)
Event: 11.295 Thread 0x000001d1ad0860c0 nmethod 6642 0x000001d1959d3f90 code [0x000001d1959d4160, 0x000001d1959d4650]
Event: 11.295 Thread 0x000001d1ad0860c0 6643       3       org.objectweb.asm.Frame::getInitializedType (163 bytes)
Event: 11.296 Thread 0x000001d1ad0860c0 nmethod 6643 0x000001d1959d4810 code [0x000001d1959d4a20, 0x000001d1959d4f68]
Event: 11.298 Thread 0x000001d1ad0860c0 6644       3       sun.net.www.URLConnection::<init> (22 bytes)
Event: 11.298 Thread 0x000001d1ad0860c0 nmethod 6644 0x000001d1959d5210 code [0x000001d1959d53e0, 0x000001d1959d5750]
Event: 11.298 Thread 0x000001d1ad0860c0 6645       3       sun.net.www.MessageHeader::grow (92 bytes)
Event: 11.299 Thread 0x000001d1ad0860c0 nmethod 6645 0x000001d1959d5910 code [0x000001d1959d5ae0, 0x000001d1959d6030]
Event: 11.299 Thread 0x000001d1ad0860c0 6646       3       org.gradle.internal.operations.BuildOperationDescriptor::displayName (10 bytes)
Event: 11.299 Thread 0x000001d1ad0860c0 nmethod 6646 0x000001d1959d6190 code [0x000001d1959d6360, 0x000001d1959d66e8]
Event: 11.300 Thread 0x000001d1ad0860c0 6647       3       org.gradle.internal.operations.BuildOperationDescriptor$Builder::<init> (6 bytes)
Event: 11.300 Thread 0x000001d1ad0860c0 nmethod 6647 0x000001d1959d6810 code [0x000001d1959d69c0, 0x000001d1959d6ca8]
Event: 11.305 Thread 0x000001d1ad0860c0 6650       3       java.lang.invoke.LambdaForm::create (12 bytes)
Event: 11.305 Thread 0x000001d1ad0860c0 nmethod 6650 0x000001d1959d6d90 code [0x000001d1959d6f40, 0x000001d1959d7068]

GC Heap History (20 events):
Event: 6.528 GC heap before
{Heap before GC invocations=15 (full 0):
 garbage-first heap   total 101376K, used 80741K [0x0000000080000000, 0x0000000100000000)
  region size 1024K, 22 young (22528K), 2 survivors (2048K)
 Metaspace       used 45985K, committed 46912K, reserved 1114112K
  class space    used 6343K, committed 6784K, reserved 1048576K
}
Event: 6.533 GC heap after
{Heap after GC invocations=16 (full 0):
 garbage-first heap   total 101376K, used 63461K [0x0000000080000000, 0x0000000100000000)
  region size 1024K, 3 young (3072K), 3 survivors (3072K)
 Metaspace       used 45985K, committed 46912K, reserved 1114112K
  class space    used 6343K, committed 6784K, reserved 1048576K
}
Event: 6.761 GC heap before
{Heap before GC invocations=17 (full 0):
 garbage-first heap   total 106496K, used 83941K [0x0000000080000000, 0x0000000100000000)
  region size 1024K, 23 young (23552K), 3 survivors (3072K)
 Metaspace       used 46341K, committed 47296K, reserved 1114112K
  class space    used 6373K, committed 6848K, reserved 1048576K
}
Event: 6.768 GC heap after
{Heap after GC invocations=18 (full 0):
 garbage-first heap   total 106496K, used 66277K [0x0000000080000000, 0x0000000100000000)
  region size 1024K, 3 young (3072K), 3 survivors (3072K)
 Metaspace       used 46341K, committed 47296K, reserved 1114112K
  class space    used 6373K, committed 6848K, reserved 1048576K
}
Event: 7.210 GC heap before
{Heap before GC invocations=18 (full 0):
 garbage-first heap   total 106496K, used 92901K [0x0000000080000000, 0x0000000100000000)
  region size 1024K, 25 young (25600K), 3 survivors (3072K)
 Metaspace       used 49192K, committed 50240K, reserved 1114112K
  class space    used 6683K, committed 7168K, reserved 1048576K
}
Event: 7.216 GC heap after
{Heap after GC invocations=19 (full 0):
 garbage-first heap   total 106496K, used 67612K [0x0000000080000000, 0x0000000100000000)
  region size 1024K, 3 young (3072K), 3 survivors (3072K)
 Metaspace       used 49192K, committed 50240K, reserved 1114112K
  class space    used 6683K, committed 7168K, reserved 1048576K
}
Event: 7.580 GC heap before
{Heap before GC invocations=19 (full 0):
 garbage-first heap   total 106496K, used 90140K [0x0000000080000000, 0x0000000100000000)
  region size 1024K, 25 young (25600K), 3 survivors (3072K)
 Metaspace       used 51675K, committed 52928K, reserved 1114112K
  class space    used 7119K, committed 7680K, reserved 1048576K
}
Event: 7.600 GC heap after
{Heap after GC invocations=20 (full 0):
 garbage-first heap   total 128000K, used 69197K [0x0000000080000000, 0x0000000100000000)
  region size 1024K, 2 young (2048K), 2 survivors (2048K)
 Metaspace       used 51675K, committed 52928K, reserved 1114112K
  class space    used 7119K, committed 7680K, reserved 1048576K
}
Event: 8.259 GC heap before
{Heap before GC invocations=21 (full 0):
 garbage-first heap   total 128000K, used 104013K [0x0000000080000000, 0x0000000100000000)
  region size 1024K, 36 young (36864K), 2 survivors (2048K)
 Metaspace       used 55910K, committed 57344K, reserved 1114112K
  class space    used 7833K, committed 8512K, reserved 1048576K
}
Event: 8.264 GC heap after
{Heap after GC invocations=22 (full 0):
 garbage-first heap   total 128000K, used 70866K [0x0000000080000000, 0x0000000100000000)
  region size 1024K, 4 young (4096K), 4 survivors (4096K)
 Metaspace       used 55910K, committed 57344K, reserved 1114112K
  class space    used 7833K, committed 8512K, reserved 1048576K
}
Event: 9.233 GC heap before
{Heap before GC invocations=22 (full 0):
 garbage-first heap   total 128000K, used 123090K [0x0000000080000000, 0x0000000100000000)
  region size 1024K, 39 young (39936K), 4 survivors (4096K)
 Metaspace       used 58421K, committed 59968K, reserved 1114112K
  class space    used 8213K, committed 8960K, reserved 1048576K
}
Event: 9.245 GC heap after
{Heap after GC invocations=23 (full 0):
 garbage-first heap   total 133120K, used 91965K [0x0000000080000000, 0x0000000100000000)
  region size 1024K, 5 young (5120K), 5 survivors (5120K)
 Metaspace       used 58421K, committed 59968K, reserved 1114112K
  class space    used 8213K, committed 8960K, reserved 1048576K
}
Event: 9.296 GC heap before
{Heap before GC invocations=23 (full 0):
 garbage-first heap   total 133120K, used 95037K [0x0000000080000000, 0x0000000100000000)
  region size 1024K, 10 young (10240K), 5 survivors (5120K)
 Metaspace       used 58828K, committed 60288K, reserved 1114112K
  class space    used 8243K, committed 8960K, reserved 1048576K
}
Event: 9.302 GC heap after
{Heap after GC invocations=24 (full 0):
 garbage-first heap   total 133120K, used 93598K [0x0000000080000000, 0x0000000100000000)
  region size 1024K, 2 young (2048K), 2 survivors (2048K)
 Metaspace       used 58828K, committed 60288K, reserved 1114112K
  class space    used 8243K, committed 8960K, reserved 1048576K
}
Event: 9.604 GC heap before
{Heap before GC invocations=25 (full 0):
 garbage-first heap   total 160768K, used 122270K [0x0000000080000000, 0x0000000100000000)
  region size 1024K, 28 young (28672K), 2 survivors (2048K)
 Metaspace       used 60516K, committed 62080K, reserved 1114112K
  class space    used 8402K, committed 9152K, reserved 1048576K
}
Event: 9.608 GC heap after
{Heap after GC invocations=26 (full 0):
 garbage-first heap   total 160768K, used 93031K [0x0000000080000000, 0x0000000100000000)
  region size 1024K, 1 young (1024K), 1 survivors (1024K)
 Metaspace       used 60516K, committed 62080K, reserved 1114112K
  class space    used 8402K, committed 9152K, reserved 1048576K
}
Event: 10.441 GC heap before
{Heap before GC invocations=26 (full 0):
 garbage-first heap   total 160768K, used 141159K [0x0000000080000000, 0x0000000100000000)
  region size 1024K, 49 young (50176K), 1 survivors (1024K)
 Metaspace       used 66331K, committed 67968K, reserved 1114112K
  class space    used 9278K, committed 10048K, reserved 1048576K
}
Event: 10.446 GC heap after
{Heap after GC invocations=27 (full 0):
 garbage-first heap   total 160768K, used 94448K [0x0000000080000000, 0x0000000100000000)
  region size 1024K, 3 young (3072K), 3 survivors (3072K)
 Metaspace       used 66331K, committed 67968K, reserved 1114112K
  class space    used 9278K, committed 10048K, reserved 1048576K
}
Event: 11.307 GC heap before
{Heap before GC invocations=27 (full 0):
 garbage-first heap   total 160768K, used 144624K [0x0000000080000000, 0x0000000100000000)
  region size 1024K, 52 young (53248K), 3 survivors (3072K)
 Metaspace       used 72189K, committed 73920K, reserved 1114112K
  class space    used 10229K, committed 11072K, reserved 1048576K
}
Event: 11.315 GC heap after
{Heap after GC invocations=28 (full 0):
 garbage-first heap   total 160768K, used 97415K [0x0000000080000000, 0x0000000100000000)
  region size 1024K, 6 young (6144K), 6 survivors (6144K)
 Metaspace       used 72189K, committed 73920K, reserved 1114112K
  class space    used 10229K, committed 11072K, reserved 1048576K
}

Dll operation events (3 events):
Event: 0.015 Loaded shared library C:\Program Files\Android\Android Studio2\jbr\bin\java.dll
Event: 0.025 Loaded shared library C:\Program Files\Android\Android Studio2\jbr\bin\zip.dll
Event: 0.810 Loaded shared library C:\Program Files\Android\Android Studio2\jbr\bin\verify.dll

Deoptimization events (20 events):
Event: 11.169 Thread 0x000001d1aec9f790 Uncommon trap: trap_request=0xffffffde fr.pc=0x000001d19cd0bf50 relative=0x0000000000003e10
Event: 11.169 Thread 0x000001d1aec9f790 Uncommon trap: reason=class_check action=maybe_recompile pc=0x000001d19cd0bf50 method=java.net.URLClassLoader.defineClass(Ljava/lang/String;Ljdk/internal/loader/Resource;)Ljava/lang/Class; @ 34 c2
Event: 11.169 Thread 0x000001d1aec9f790 DEOPT PACKING pc=0x000001d19cd0bf50 sp=0x00000098633f7010
Event: 11.169 Thread 0x000001d1aec9f790 DEOPT UNPACKING pc=0x000001d19c4846a2 sp=0x00000098633f6e48 mode 2
Event: 11.171 Thread 0x000001d1aec9f790 Uncommon trap: trap_request=0xffffffde fr.pc=0x000001d19cd00d04 relative=0x0000000000003de4
Event: 11.171 Thread 0x000001d1aec9f790 Uncommon trap: reason=class_check action=maybe_recompile pc=0x000001d19cd00d04 method=java.net.URLClassLoader.defineClass(Ljava/lang/String;Ljdk/internal/loader/Resource;)Ljava/lang/Class; @ 34 c2
Event: 11.171 Thread 0x000001d1aec9f790 DEOPT PACKING pc=0x000001d19cd00d04 sp=0x00000098633f6f10
Event: 11.171 Thread 0x000001d1aec9f790 DEOPT UNPACKING pc=0x000001d19c4846a2 sp=0x00000098633f6ea0 mode 2
Event: 11.173 Thread 0x000001d1aec9f790 Uncommon trap: trap_request=0xffffffde fr.pc=0x000001d19cd1f0f4 relative=0x0000000000003dd4
Event: 11.173 Thread 0x000001d1aec9f790 Uncommon trap: reason=class_check action=maybe_recompile pc=0x000001d19cd1f0f4 method=java.net.URLClassLoader.defineClass(Ljava/lang/String;Ljdk/internal/loader/Resource;)Ljava/lang/Class; @ 34 c2
Event: 11.173 Thread 0x000001d1aec9f790 DEOPT PACKING pc=0x000001d19cd1f0f4 sp=0x00000098633f6ea0
Event: 11.173 Thread 0x000001d1aec9f790 DEOPT UNPACKING pc=0x000001d19c4846a2 sp=0x00000098633f6e98 mode 2
Event: 11.227 Thread 0x000001d1aec9f790 Uncommon trap: trap_request=0xffffff45 fr.pc=0x000001d19cc02240 relative=0x00000000000003a0
Event: 11.227 Thread 0x000001d1aec9f790 Uncommon trap: reason=unstable_if action=reinterpret pc=0x000001d19cc02240 method=org.gradle.internal.reflect.PropertyAccessorType.isGetGetterName(Ljava/lang/String;)Z @ 14 c2
Event: 11.227 Thread 0x000001d1aec9f790 DEOPT PACKING pc=0x000001d19cc02240 sp=0x00000098633f7a50
Event: 11.227 Thread 0x000001d1aec9f790 DEOPT UNPACKING pc=0x000001d19c4846a2 sp=0x00000098633f79a8 mode 2
Event: 11.274 Thread 0x000001d1aec9f790 Uncommon trap: trap_request=0xffffff76 fr.pc=0x000001d19cd2fea0 relative=0x0000000000000200
Event: 11.274 Thread 0x000001d1aec9f790 Uncommon trap: reason=predicate action=maybe_recompile pc=0x000001d19cd2fea0 method=java.util.LinkedHashMap.keysToArray([Ljava/lang/Object;Z)[Ljava/lang/Object; @ 53 c2
Event: 11.274 Thread 0x000001d1aec9f790 DEOPT PACKING pc=0x000001d19cd2fea0 sp=0x00000098633f77a0
Event: 11.274 Thread 0x000001d1aec9f790 DEOPT UNPACKING pc=0x000001d19c4846a2 sp=0x00000098633f7750 mode 2

Classes loaded (20 events):
Event: 10.984 Loading class java/util/IdentityHashMap$EntrySet
Event: 10.985 Loading class java/util/IdentityHashMap$EntrySet done
Event: 10.985 Loading class java/util/IdentityHashMap$EntryIterator
Event: 10.985 Loading class java/util/IdentityHashMap$IdentityHashMapIterator
Event: 10.985 Loading class java/util/IdentityHashMap$IdentityHashMapIterator done
Event: 10.985 Loading class java/util/IdentityHashMap$EntryIterator done
Event: 10.985 Loading class java/util/IdentityHashMap$EntryIterator$Entry
Event: 10.985 Loading class java/util/IdentityHashMap$EntryIterator$Entry done
Event: 11.049 Loading class java/lang/invoke/SerializedLambda$1
Event: 11.049 Loading class java/lang/invoke/SerializedLambda$1 done
Event: 11.078 Loading class org/xml/sax/Locator
Event: 11.078 Loading class org/xml/sax/Locator done
Event: 11.078 Loading class org/xml/sax/SAXParseException
Event: 11.078 Loading class org/xml/sax/SAXParseException done
Event: 11.083 Loading class org/xml/sax/Attributes
Event: 11.083 Loading class org/xml/sax/Attributes done
Event: 11.148 Loading class java/util/DualPivotQuicksort
Event: 11.149 Loading class java/util/DualPivotQuicksort done
Event: 11.221 Loading class java/util/function/LongUnaryOperator
Event: 11.221 Loading class java/util/function/LongUnaryOperator done

Classes unloaded (0 events):
No events

Classes redefined (0 events):
No events

Internal exceptions (20 events):
Event: 10.646 Thread 0x000001d1aec9f790 Exception <a 'java/lang/NoSuchMethodError'{0x000000008902d290}: 'void java.lang.invoke.DirectMethodHandle$Holder.invokeStatic(java.lang.Object, java.lang.Object, java.lang.Object, java.lang.Object, java.lang.Object, java.lang.Object, java.lang.Object)'> (0x000000008902d290) 
thrown [s\src\hotspot\share\interpreter\linkResolver.cpp, line 784]
Event: 10.971 Thread 0x000001d1aec9f790 Exception <a 'java/lang/NoSuchMethodError'{0x0000000087c635d8}: 'void java.lang.invoke.DelegatingMethodHandle$Holder.reinvoke_L(java.lang.Object, java.lang.Object, int)'> (0x0000000087c635d8) 
thrown [s\src\hotspot\share\interpreter\linkResolver.cpp, line 784]
Event: 10.972 Thread 0x000001d1aec9f790 Exception <a 'java/lang/NoSuchMethodError'{0x0000000087c6abe0}: 'int java.lang.invoke.Invokers$Holder.invokeExact_MT(java.lang.Object, java.lang.Object, java.lang.Object)'> (0x0000000087c6abe0) 
thrown [s\src\hotspot\share\interpreter\linkResolver.cpp, line 784]
Event: 10.977 Thread 0x000001d1aec9f790 Exception <a 'java/lang/NoSuchMethodError'{0x0000000087c81888}: 'void java.lang.invoke.DelegatingMethodHandle$Holder.reinvoke_L(java.lang.Object, java.lang.Object, long)'> (0x0000000087c81888) 
thrown [s\src\hotspot\share\interpreter\linkResolver.cpp, line 784]
Event: 10.978 Thread 0x000001d1aec9f790 Exception <a 'java/lang/NoSuchMethodError'{0x0000000087c890a8}: 'long java.lang.invoke.Invokers$Holder.invokeExact_MT(java.lang.Object, java.lang.Object, java.lang.Object)'> (0x0000000087c890a8) 
thrown [s\src\hotspot\share\interpreter\linkResolver.cpp, line 784]
Event: 11.037 Thread 0x000001d1aec9f790 Exception <a 'java/lang/NoSuchMethodError'{0x000000008794c3d8}: 'void java.lang.invoke.Invokers$Holder.invokeExact_MT(java.lang.Object, java.lang.Object, java.lang.Object, java.lang.Object)'> (0x000000008794c3d8) 
thrown [s\src\hotspot\share\interpreter\linkResolver.cpp, line 784]
Event: 11.043 Thread 0x000001d1aec9f790 Exception <a 'java/lang/ClassNotFoundException'{0x00000000879c1db0}: org/gradle/internal/serialize/codecs/core/ClosureCodec$BrokenScriptBeanInfo> (0x00000000879c1db0) 
thrown [s\src\hotspot\share\classfile\systemDictionary.cpp, line 312]
Event: 11.043 Thread 0x000001d1aec9f790 Exception <a 'java/lang/ClassNotFoundException'{0x00000000879d1e58}: org/gradle/internal/serialize/codecs/core/ClosureCodec$BrokenScriptCustomizer> (0x00000000879d1e58) 
thrown [s\src\hotspot\share\classfile\systemDictionary.cpp, line 312]
Event: 11.045 Thread 0x000001d1aec9f790 Exception <a 'java/lang/ClassNotFoundException'{0x00000000879ed9e0}: org/gradle/api/invocation/GradleBeanInfo> (0x00000000879ed9e0) 
thrown [s\src\hotspot\share\classfile\systemDictionary.cpp, line 312]
Event: 11.045 Thread 0x000001d1aec9f790 Exception <a 'java/lang/ClassNotFoundException'{0x00000000879facc0}: org/gradle/api/invocation/GradleCustomizer> (0x00000000879facc0) 
thrown [s\src\hotspot\share\classfile\systemDictionary.cpp, line 312]
Event: 11.048 Thread 0x000001d1aec9f790 Exception <a 'java/lang/NoSuchMethodError'{0x000000008781d478}: 'void java.lang.invoke.Invokers$Holder.invokeExact_MT(java.lang.Object, java.lang.Object, int, java.lang.Object)'> (0x000000008781d478) 
thrown [s\src\hotspot\share\interpreter\linkResolver.cpp, line 784]
Event: 11.052 Thread 0x000001d1aec9f790 Exception <a 'java/lang/NoSuchMethodError'{0x000000008783fe70}: 'void java.lang.invoke.Invokers$Holder.invokeExact_MT(java.lang.Object, java.lang.Object, long, java.lang.Object)'> (0x000000008783fe70) 
thrown [s\src\hotspot\share\interpreter\linkResolver.cpp, line 784]
Event: 11.069 Thread 0x000001d1aec9f790 Exception <a 'java/lang/ClassNotFoundException'{0x000000008777b760}: org/gradle/api/internal/project/DefaultProject_DecoratedBeanInfo> (0x000000008777b760) 
thrown [s\src\hotspot\share\classfile\systemDictionary.cpp, line 312]
Event: 11.070 Thread 0x000001d1aec9f790 Exception <a 'java/lang/ClassNotFoundException'{0x0000000087787c70}: org/gradle/api/internal/project/DefaultProjectBeanInfo> (0x0000000087787c70) 
thrown [s\src\hotspot\share\classfile\systemDictionary.cpp, line 312]
Event: 11.070 Thread 0x000001d1aec9f790 Exception <a 'java/lang/ClassNotFoundException'{0x0000000087793f48}: org/gradle/api/internal/project/DefaultProjectCustomizer> (0x0000000087793f48) 
thrown [s\src\hotspot\share\classfile\systemDictionary.cpp, line 312]
Event: 11.075 Thread 0x000001d1aec9f790 Exception <a 'java/lang/ClassNotFoundException'{0x0000000087652648}: org/gradle/api/internal/project/DefaultProject_DecoratedCustomizer> (0x0000000087652648) 
thrown [s\src\hotspot\share\classfile\systemDictionary.cpp, line 312]
Event: 11.221 Thread 0x000001d1aec9f790 Exception <a 'java/lang/NoSuchMethodError'{0x0000000086d55808}: 'long java.lang.invoke.DirectMethodHandle$Holder.invokeStatic(java.lang.Object, long)'> (0x0000000086d55808) 
thrown [s\src\hotspot\share\interpreter\linkResolver.cpp, line 784]
Event: 11.305 Thread 0x000001d1aec9f790 Exception <a 'java/lang/NoSuchMethodError'{0x00000000869bdbd0}: 'java.lang.Object java.lang.invoke.DirectMethodHandle$Holder.invokeVirtual(java.lang.Object, java.lang.Object, java.lang.Object, java.lang.Object, java.lang.Object, java.lang.Object, java.lang.Object, java.lang.Object, java.lang.Object, java.lang.Object, java.lang.Object, java.lang.Object, java.lang.Object, java.lang.Object, java.lang.Object, java.lang.Object, java.lang.Object)'> (0x00000000869bdbd0) 
thrown [s\src\hotspot\share\interpreter\li
Event: 11.305 Thread 0x000001d1aec9f790 Exception <a 'java/lang/NoSuchMethodError'{0x00000000869c3d40}: 'java.lang.Object java.lang.invoke.DirectMethodHandle$Holder.invokeSpecial(java.lang.Object, java.lang.Object, java.lang.Object, java.lang.Object, java.lang.Object, java.lang.Object, java.lang.Object, java.lang.Object, java.lang.Object, java.lang.Object, java.lang.Object, java.lang.Object, java.lang.Object, java.lang.Object, java.lang.Object, java.lang.Object, java.lang.Object, java.lang.Object)'> (0x00000000869c3d40) 
thrown [s\src\hotspot\sh
Event: 11.306 Thread 0x000001d1aec9f790 Exception <a 'java/lang/NoSuchMethodError'{0x00000000869c9548}: 'java.lang.Object java.lang.invoke.DelegatingMethodHandle$Holder.reinvoke_L(java.lang.Object, java.lang.Object, java.lang.Object, java.lang.Object, java.lang.Object, java.lang.Object, java.lang.Object, java.lang.Object, java.lang.Object, java.lang.Object, java.lang.Object, java.lang.Object, java.lang.Object, java.lang.Object, java.lang.Object, java.lang.Object, java.lang.Object)'> (0x00000000869c9548) 
thrown [s\src\hotspot\share\interpreter\l

ZGC Phase Switch (0 events):
No events

VM Operations (20 events):
Event: 9.384 Executing VM operation: G1PauseRemark
Event: 9.388 Executing VM operation: G1PauseRemark done
Event: 9.418 Executing VM operation: G1PauseCleanup
Event: 9.418 Executing VM operation: G1PauseCleanup done
Event: 9.604 Executing VM operation: G1CollectForAllocation (G1 Evacuation Pause)
Event: 9.608 Executing VM operation: G1CollectForAllocation (G1 Evacuation Pause) done
Event: 10.440 Executing VM operation: G1CollectForAllocation (G1 Evacuation Pause)
Event: 10.446 Executing VM operation: G1CollectForAllocation (G1 Evacuation Pause) done
Event: 10.655 Executing VM operation: HandshakeAllThreads (Deoptimize)
Event: 10.656 Executing VM operation: HandshakeAllThreads (Deoptimize) done
Event: 10.748 Executing VM operation: HandshakeAllThreads (Deoptimize)
Event: 10.748 Executing VM operation: HandshakeAllThreads (Deoptimize) done
Event: 10.897 Executing VM operation: HandshakeAllThreads (Deoptimize)
Event: 10.897 Executing VM operation: HandshakeAllThreads (Deoptimize) done
Event: 11.010 Executing VM operation: HandshakeAllThreads (Deoptimize)
Event: 11.011 Executing VM operation: HandshakeAllThreads (Deoptimize) done
Event: 11.031 Executing VM operation: ICBufferFull
Event: 11.031 Executing VM operation: ICBufferFull done
Event: 11.307 Executing VM operation: G1CollectForAllocation (G1 Evacuation Pause)
Event: 11.316 Executing VM operation: G1CollectForAllocation (G1 Evacuation Pause) done

Memory protections (0 events):
No events

Nmethod flushes (20 events):
Event: 9.387 Thread 0x000001d1a8c03d30 flushing  nmethod 0x000001d1952ad690
Event: 9.387 Thread 0x000001d1a8c03d30 flushing  nmethod 0x000001d1952af090
Event: 9.387 Thread 0x000001d1a8c03d30 flushing  nmethod 0x000001d1952cc810
Event: 9.387 Thread 0x000001d1a8c03d30 flushing  nmethod 0x000001d195327110
Event: 9.387 Thread 0x000001d1a8c03d30 flushing  nmethod 0x000001d1953dbf90
Event: 9.387 Thread 0x000001d1a8c03d30 flushing  nmethod 0x000001d195410e10
Event: 9.387 Thread 0x000001d1a8c03d30 flushing  nmethod 0x000001d195446390
Event: 9.387 Thread 0x000001d1a8c03d30 flushing  nmethod 0x000001d19546bb10
Event: 9.387 Thread 0x000001d1a8c03d30 flushing  nmethod 0x000001d1954ca790
Event: 9.387 Thread 0x000001d1a8c03d30 flushing  nmethod 0x000001d19554b710
Event: 9.387 Thread 0x000001d1a8c03d30 flushing  nmethod 0x000001d19554d090
Event: 9.387 Thread 0x000001d1a8c03d30 flushing  nmethod 0x000001d19554e390
Event: 9.387 Thread 0x000001d1a8c03d30 flushing  nmethod 0x000001d19558fb10
Event: 9.387 Thread 0x000001d1a8c03d30 flushing  nmethod 0x000001d195590990
Event: 9.387 Thread 0x000001d1a8c03d30 flushing  nmethod 0x000001d1955a4d10
Event: 9.387 Thread 0x000001d1a8c03d30 flushing  nmethod 0x000001d1955a5190
Event: 9.387 Thread 0x000001d1a8c03d30 flushing  nmethod 0x000001d1955a5910
Event: 9.387 Thread 0x000001d1a8c03d30 flushing  nmethod 0x000001d1955abe90
Event: 9.387 Thread 0x000001d1a8c03d30 flushing  nmethod 0x000001d1955ac390
Event: 9.387 Thread 0x000001d1a8c03d30 flushing  nmethod 0x000001d19562de10

Events (20 events):
Event: 4.923 Thread 0x000001d1aec9f790 Thread added: 0x000001d1b0c20a10
Event: 4.923 Thread 0x000001d1aec9f790 Thread added: 0x000001d1b0c19a80
Event: 4.923 Thread 0x000001d1aec9f790 Thread added: 0x000001d1b0c1bb50
Event: 4.923 Thread 0x000001d1aec9f790 Thread added: 0x000001d1b0c210a0
Event: 5.413 Thread 0x000001d1af2f9190 Thread exited: 0x000001d1af2f9190
Event: 5.551 Thread 0x000001d1ad0860c0 Thread added: 0x000001d1aff47940
Event: 6.858 Thread 0x000001d1aec9f790 Thread added: 0x000001d1b0c20380
Event: 6.894 Thread 0x000001d1aec9f790 Thread added: 0x000001d1b0c1e2b0
Event: 7.488 Thread 0x000001d1aec9f790 Thread added: 0x000001d1b0c1c1e0
Event: 7.543 Thread 0x000001d1aec9f790 Thread added: 0x000001d1b0c1cf00
Event: 8.422 Thread 0x000001d1aec9f790 Thread added: 0x000001d1b0c1a7a0
Event: 8.424 Thread 0x000001d1aec9f790 Thread added: 0x000001d1b0c1f660
Event: 8.477 Thread 0x000001d1aec9f790 Thread added: 0x000001d1b0c1fcf0
Event: 8.478 Thread 0x000001d1aec9f790 Thread added: 0x000001d1b0c1ae30
Event: 8.721 Thread 0x000001d1aec9f790 Thread added: 0x000001d1b0c1b4c0
Event: 8.722 Thread 0x000001d1aec9f790 Thread added: 0x000001d1b3c4be20
Event: 8.723 Thread 0x000001d1aec9f790 Thread added: 0x000001d1b3c4cb40
Event: 8.786 Thread 0x000001d1aec9f790 Thread added: 0x000001d1b3c4d1d0
Event: 8.786 Thread 0x000001d1aec9f790 Thread added: 0x000001d1b3c49030
Event: 8.787 Thread 0x000001d1aec9f790 Thread added: 0x000001d1b3c4d860


Dynamic libraries:
0x00007ff7444c0000 - 0x00007ff7444ca000 	C:\Program Files\Android\Android Studio2\jbr\bin\java.exe
0x00007ff851cd0000 - 0x00007ff851ee7000 	C:\windows\SYSTEM32\ntdll.dll
0x00007ff850be0000 - 0x00007ff850ca4000 	C:\windows\System32\KERNEL32.DLL
0x00007ff84f1c0000 - 0x00007ff84f577000 	C:\windows\System32\KERNELBASE.dll
0x00007ff84f760000 - 0x00007ff84f871000 	C:\windows\System32\ucrtbase.dll
0x00007ff847ea0000 - 0x00007ff847ebb000 	C:\Program Files\Android\Android Studio2\jbr\bin\VCRUNTIME140.dll
0x00007ff83a2d0000 - 0x00007ff83a2e8000 	C:\Program Files\Android\Android Studio2\jbr\bin\jli.dll
0x00007ff8514f0000 - 0x00007ff85169f000 	C:\windows\System32\USER32.dll
0x00007ff834ab0000 - 0x00007ff834d43000 	C:\windows\WinSxS\amd64_microsoft.windows.common-controls_6595b64144ccf1df_6.0.22621.3672_none_2713b9d173822955\COMCTL32.dll
0x00007ff84f9d0000 - 0x00007ff84f9f6000 	C:\windows\System32\win32u.dll
0x00007ff8503b0000 - 0x00007ff850457000 	C:\windows\System32\msvcrt.dll
0x00007ff851810000 - 0x00007ff851839000 	C:\windows\System32\GDI32.dll
0x00007ff84f580000 - 0x00007ff84f698000 	C:\windows\System32\gdi32full.dll
0x00007ff84f930000 - 0x00007ff84f9ca000 	C:\windows\System32\msvcp_win.dll
0x00007ff850370000 - 0x00007ff8503a1000 	C:\windows\System32\IMM32.DLL
0x00007ff847e90000 - 0x00007ff847e9c000 	C:\Program Files\Android\Android Studio2\jbr\bin\vcruntime140_1.dll
0x00007ff815080000 - 0x00007ff81510d000 	C:\Program Files\Android\Android Studio2\jbr\bin\msvcp140.dll
0x00007ff8132f0000 - 0x00007ff813f86000 	C:\Program Files\Android\Android Studio2\jbr\bin\server\jvm.dll
0x00007ff850b20000 - 0x00007ff850bd2000 	C:\windows\System32\ADVAPI32.dll
0x00007ff850480000 - 0x00007ff850528000 	C:\windows\System32\sechost.dll
0x00007ff84f900000 - 0x00007ff84f928000 	C:\windows\System32\bcrypt.dll
0x00007ff850cb0000 - 0x00007ff850dc4000 	C:\windows\System32\RPCRT4.dll
0x00007ff851390000 - 0x00007ff851401000 	C:\windows\System32\WS2_32.dll
0x00007ff84eeb0000 - 0x00007ff84eefd000 	C:\windows\SYSTEM32\POWRPROF.dll
0x00007ff8475e0000 - 0x00007ff847614000 	C:\windows\SYSTEM32\WINMM.dll
0x00007ff8454c0000 - 0x00007ff8454ca000 	C:\windows\SYSTEM32\VERSION.dll
0x00007ff84ee90000 - 0x00007ff84eea3000 	C:\windows\SYSTEM32\UMPDC.dll
0x00007ff84dff0000 - 0x00007ff84e008000 	C:\windows\SYSTEM32\kernel.appcore.dll
0x00007ff847e80000 - 0x00007ff847e8a000 	C:\Program Files\Android\Android Studio2\jbr\bin\jimage.dll
0x00007ff84cb60000 - 0x00007ff84cd92000 	C:\windows\SYSTEM32\DBGHELP.DLL
0x00007ff850530000 - 0x00007ff8508be000 	C:\windows\System32\combase.dll
0x00007ff851410000 - 0x00007ff8514e7000 	C:\windows\System32\OLEAUT32.dll
0x00007ff82cf50000 - 0x00007ff82cf82000 	C:\windows\SYSTEM32\dbgcore.DLL
0x00007ff84f880000 - 0x00007ff84f8fb000 	C:\windows\System32\bcryptPrimitives.dll
0x00007ff847ce0000 - 0x00007ff847cee000 	C:\Program Files\Android\Android Studio2\jbr\bin\instrument.dll
0x00007ff847d80000 - 0x00007ff847da0000 	C:\Program Files\Android\Android Studio2\jbr\bin\java.dll
0x00007ff847d60000 - 0x00007ff847d78000 	C:\Program Files\Android\Android Studio2\jbr\bin\zip.dll
0x00007ff84fa00000 - 0x00007ff850269000 	C:\windows\System32\SHELL32.dll
0x00007ff84cf00000 - 0x00007ff84d7ff000 	C:\windows\SYSTEM32\windows.storage.dll
0x00007ff84cdc0000 - 0x00007ff84ceff000 	C:\windows\SYSTEM32\wintypes.dll
0x00007ff8516c0000 - 0x00007ff8517b9000 	C:\windows\System32\SHCORE.dll
0x00007ff850e40000 - 0x00007ff850e9e000 	C:\windows\System32\shlwapi.dll
0x00007ff84ef10000 - 0x00007ff84ef37000 	C:\windows\SYSTEM32\profapi.dll
0x00007ff847e70000 - 0x00007ff847e80000 	C:\Program Files\Android\Android Studio2\jbr\bin\net.dll
0x00007ff8452d0000 - 0x00007ff845406000 	C:\windows\SYSTEM32\WINHTTP.dll
0x00007ff84e450000 - 0x00007ff84e4b9000 	C:\windows\system32\mswsock.dll
0x00007ff845600000 - 0x00007ff845616000 	C:\Program Files\Android\Android Studio2\jbr\bin\nio.dll
0x00007ff8454d0000 - 0x00007ff8454e0000 	C:\Program Files\Android\Android Studio2\jbr\bin\verify.dll
0x00007ff83a1f0000 - 0x00007ff83a217000 	C:\Users\Hp\.gradle\native\1def1411415f61bf3af743bc5b6707747c0891f09f0c88961ee8f79bc544acac\windows-amd64\native-platform.dll
0x00007ff817150000 - 0x00007ff8171c8000 	C:\Users\Hp\.gradle\native\0.2.7\x86_64-windows-gnu\gradle-fileevents.dll
0x00007ff845590000 - 0x00007ff845599000 	C:\Program Files\Android\Android Studio2\jbr\bin\management.dll
0x00007ff845580000 - 0x00007ff84558b000 	C:\Program Files\Android\Android Studio2\jbr\bin\management_ext.dll
0x00007ff851c80000 - 0x00007ff851c88000 	C:\windows\System32\PSAPI.DLL
0x00007ff84da60000 - 0x00007ff84da8d000 	C:\windows\SYSTEM32\IPHLPAPI.DLL
0x00007ff851a80000 - 0x00007ff851a89000 	C:\windows\System32\NSI.dll
0x00007ff8455a0000 - 0x00007ff8455a9000 	C:\Program Files\Android\Android Studio2\jbr\bin\extnet.dll
0x00007ff84e7a0000 - 0x00007ff84e7bb000 	C:\windows\SYSTEM32\CRYPTSP.dll
0x00007ff84df50000 - 0x00007ff84df85000 	C:\windows\system32\rsaenh.dll
0x00007ff84e4f0000 - 0x00007ff84e518000 	C:\windows\SYSTEM32\USERENV.dll
0x00007ff84e780000 - 0x00007ff84e78c000 	C:\windows\SYSTEM32\CRYPTBASE.dll
0x00007fffe8fe0000 - 0x00007fffe8fe8000 	C:\windows\system32\wshunix.dll

JVMTI agents:
C:\Users\Hp\.gradle\wrapper\dists\gradle-8.13-bin\5xuhj0ry160q40clulazy9h7d\gradle-8.13\lib\agents\gradle-instrumentation-agent-8.13.jar path:C:\Program Files\Android\Android Studio2\jbr\bin\instrument.dll, loaded, initialized, instrumentlib options:none

dbghelp: loaded successfully - version: 4.0.5 - missing functions: none
symbol engine: initialized successfully - sym options: 0x614 - pdb path: .;C:\Program Files\Android\Android Studio2\jbr\bin;C:\windows\SYSTEM32;C:\windows\WinSxS\amd64_microsoft.windows.common-controls_6595b64144ccf1df_6.0.22621.3672_none_2713b9d173822955;C:\Program Files\Android\Android Studio2\jbr\bin\server;C:\Users\Hp\.gradle\native\1def1411415f61bf3af743bc5b6707747c0891f09f0c88961ee8f79bc544acac\windows-amd64;C:\Users\Hp\.gradle\native\0.2.7\x86_64-windows-gnu

VM Arguments:
jvm_args: --add-opens=java.base/java.lang=ALL-UNNAMED --add-opens=java.base/java.lang.invoke=ALL-UNNAMED --add-opens=java.base/java.util=ALL-UNNAMED --add-opens=java.prefs/java.util.prefs=ALL-UNNAMED --add-exports=jdk.compiler/com.sun.tools.javac.api=ALL-UNNAMED --add-exports=jdk.compiler/com.sun.tools.javac.util=ALL-UNNAMED --add-opens=java.base/java.util=ALL-UNNAMED --add-opens=java.prefs/java.util.prefs=ALL-UNNAMED --add-opens=java.base/java.nio.charset=ALL-UNNAMED --add-opens=java.base/java.net=ALL-UNNAMED --add-opens=java.base/java.util.concurrent.atomic=ALL-UNNAMED --add-opens=java.xml/javax.xml.namespace=ALL-UNNAMED -Xmx2048m -Dfile.encoding=UTF-8 -Duser.country=US -Duser.language=en -Duser.variant -javaagent:C:\Users\Hp\.gradle\wrapper\dists\gradle-8.13-bin\5xuhj0ry160q40clulazy9h7d\gradle-8.13\lib\agents\gradle-instrumentation-agent-8.13.jar 
java_command: org.gradle.launcher.daemon.bootstrap.GradleDaemon 8.13
java_class_path (initial): C:\Users\Hp\.gradle\wrapper\dists\gradle-8.13-bin\5xuhj0ry160q40clulazy9h7d\gradle-8.13\lib\gradle-daemon-main-8.13.jar
Launcher Type: SUN_STANDARD

[Global flags]
     intx CICompilerCount                          = 3                                         {product} {ergonomic}
     uint ConcGCThreads                            = 1                                         {product} {ergonomic}
     uint G1ConcRefinementThreads                  = 4                                         {product} {ergonomic}
   size_t G1HeapRegionSize                         = 1048576                                   {product} {ergonomic}
    uintx GCDrainStackTargetSize                   = 64                                        {product} {ergonomic}
   size_t InitialHeapSize                          = 134217728                                 {product} {ergonomic}
   size_t MarkStackSize                            = 4194304                                   {product} {ergonomic}
   size_t MaxHeapSize                              = 2147483648                                {product} {command line}
   size_t MaxNewSize                               = 1287651328                                {product} {ergonomic}
   size_t MinHeapDeltaBytes                        = 1048576                                   {product} {ergonomic}
   size_t MinHeapSize                              = 8388608                                   {product} {ergonomic}
    uintx NonNMethodCodeHeapSize                   = 5832780                                {pd product} {ergonomic}
    uintx NonProfiledCodeHeapSize                  = 122912730                              {pd product} {ergonomic}
    uintx ProfiledCodeHeapSize                     = 122912730                              {pd product} {ergonomic}
    uintx ReservedCodeCacheSize                    = 251658240                              {pd product} {ergonomic}
     bool SegmentedCodeCache                       = true                                      {product} {ergonomic}
   size_t SoftMaxHeapSize                          = 2147483648                             {manageable} {ergonomic}
     bool UseCompressedOops                        = true                           {product lp64_product} {ergonomic}
     bool UseG1GC                                  = true                                      {product} {ergonomic}
     bool UseLargePagesIndividualAllocation        = false                                  {pd product} {ergonomic}

Logging:
Log output configuration:
 #0: stdout all=warning uptime,level,tags foldmultilines=false
 #1: stderr all=off uptime,level,tags foldmultilines=false

Environment Variables:
JAVA_HOME=C:\Program Files\Java\jdk-17
PATH=D:\flutter\bin;D:\dart-sdk\bin;C:\Program Files\Java\jdk-17\bin;C:\Program Files (x86)\Common Files\Intel\Shared Libraries\redist\intel64\compiler;C:\windows\system32;C:\windows;C:\windows\System32\Wbem;C:\windows\System32\WindowsPowerShell\v1.0\;C:\windows\System32\OpenSSH\;C:\Program Files\Microsoft SQL Server\150\Tools\Binn\;C:\Users\Hp\AppData\Local\Programs\Microsoft VS Code\;D:\Git\cmd;D:\flutter\bin;D:\dart-sdk\bin;C:\Program Files\Java\jdk-17\bin;C:\Program Files (x86)\Common Files\Intel\Shared Libraries\redist\intel64\compiler;C:\windows\system32;C:\windows;C:\windows\System32\Wbem;C:\windows\System32\WindowsPowerShell\v1.0\;C:\windows\System32\OpenSSH\;C:\Program Files\Microsoft SQL Server\150\Tools\Binn\;C:\Users\Hp\AppData\Local\Programs\Microsoft VS Code\;D:\Git\cmd;D:\dart-sdk\bin;C:\Users\Hp\AppData\Local\Programs\Microsoft VS Code\bin
USERNAME=Hp
OS=Windows_NT
PROCESSOR_IDENTIFIER=Intel64 Family 6 Model 78 Stepping 3, GenuineIntel
TMP=C:\Users\Hp\AppData\Local\Temp
TEMP=C:\Users\Hp\AppData\Local\Temp




Periodic native trim disabled

JNI global refs:
JNI global refs: 25, weak refs: 3

JNI global refs memory usage: 835, weak refs: 833

Process memory usage:
Resident Set Size: 375900K (4% of 8266340K total physical memory with 796316K free physical memory)

OOME stack traces (most recent first):
Classloader memory used:
Loader org.gradle.internal.classloader.VisitableURLClassLoader                         : 36750K
Loader bootstrap                                                                       : 23418K
Loader org.gradle.initialization.MixInLegacyTypesClassLoader                           : 9459K
Loader org.gradle.internal.classloader.VisitableURLClassLoader                         : 1021K
Loader org.gradle.internal.classloader.VisitableURLClassLoader$InstrumentingVisitableURLClassLoader: 689K
Loader jdk.internal.loader.ClassLoaders$PlatformClassLoader                            : 493K
Loader jdk.internal.reflect.DelegatingClassLoader                                      : 243K
Loader jdk.internal.loader.ClassLoaders$AppClassLoader                                 : 235K
Loader org.gradle.groovy.scripts.internal.DefaultScriptCompilationHandler$ScriptClassLoader: 90104B
Loader org.codehaus.groovy.runtime.callsite.CallSiteClassLoader                        : 49032B

Classes loaded by more than one classloader:
Class org.gradle.internal.IoActions                                                   : loaded 3 times (x 71B)
Class org.gradle.api.Action                                                           : loaded 3 times (x 70B)
Class org.gradle.internal.Cast                                                        : loaded 3 times (x 71B)
Class org.gradle.api.GradleException                                                  : loaded 3 times (x 82B)
Class org.gradle.api.UncheckedIOException                                             : loaded 3 times (x 82B)
Class Program                                                                         : loaded 3 times (x 72B)
Class org.gradle.internal.classloader.DefaultClassLoaderFactory                       : loaded 2 times (x 82B)
Class kotlin.collections.AbstractList$Companion                                       : loaded 2 times (x 71B)
Class org.gradle.internal.classloader.ClassLoaderVisitor                              : loaded 2 times (x 76B)
Class org.gradle.api.internal.classpath.EffectiveClassPath                            : loaded 2 times (x 90B)
Class org.gradle.tooling.internal.gradle.DefaultProjectIdentifier                     : loaded 2 times (x 86B)
Class org.gradle.api.internal.DefaultClassPathProvider                                : loaded 2 times (x 76B)
Class [Lorg.gradle.api.internal.ClassPathProvider;                                    : loaded 2 times (x 69B)
Class org.gradle.api.internal.ClassPathProvider                                       : loaded 2 times (x 70B)
Class org.gradle.internal.service.UnknownServiceException                             : loaded 2 times (x 83B)
Class org.gradle.internal.classpath.TransformedClassPath                              : loaded 2 times (x 96B)
Class org.gradle.internal.classloader.InstrumentingClassLoader                        : loaded 2 times (x 70B)
Class ijInit6_7xs3bm3d8at70u8rpxn55dlzb                                               : loaded 2 times (x 179B)
Class kotlin.enums.EnumEntriesList                                                    : loaded 2 times (x 223B)
Class org.gradle.internal.service.ServiceLocator                                      : loaded 2 times (x 70B)
Class com.intellij.gradle.toolingExtension.util.GradleVersionUtil                     : loaded 2 times (x 71B)
Class org.gradle.tooling.model.UnsupportedMethodException                             : loaded 2 times (x 82B)
Class org.gradle.internal.InternalTransformer                                         : loaded 2 times (x 70B)
Class org.gradle.internal.time.DefaultTimer                                           : loaded 2 times (x 80B)
Class org.gradle.internal.classloader.ClasspathUtil$1                                 : loaded 2 times (x 76B)
Class org.gradle.api.internal.classpath.DefaultModuleRegistry$DefaultModule           : loaded 2 times (x 86B)
Class org.gradle.internal.time.DefaultCountdownTimer                                  : loaded 2 times (x 88B)
Class org.gradle.tooling.internal.gradle.DefaultBuildIdentifier                       : loaded 2 times (x 79B)
Class kotlin.Function                                                                 : loaded 2 times (x 70B)
Class org.gradle.api.internal.classpath.Module                                        : loaded 2 times (x 70B)
Class org.gradle.api.internal.classpath.UnknownModuleException                        : loaded 2 times (x 82B)
Class org.gradle.tooling.internal.gradle.GradleProjectIdentity                        : loaded 2 times (x 70B)
Class org.gradle.api.internal.DefaultClassPathRegistry                                : loaded 2 times (x 76B)
Class org.gradle.api.internal.ClassPathRegistry                                       : loaded 2 times (x 70B)
Class org.gradle.internal.classpath.DefaultClassPath$ImmutableUniqueList              : loaded 2 times (x 199B)
Class org.gradle.internal.operations.MultipleBuildOperationFailures                   : loaded 2 times (x 95B)
Class Settings_gradle$1                                                               : loaded 2 times (x 74B)
Class sync_studio_tooling11_8zd90onsw2fv7ktkioj73mrc0                                 : loaded 2 times (x 179B)
Class org.gradle.api.internal.classpath.ManifestUtil                                  : loaded 2 times (x 71B)
Class org.gradle.tooling.model.Model                                                  : loaded 2 times (x 70B)
Class kotlin.UninitializedPropertyAccessException                                     : loaded 2 times (x 82B)
Class org.gradle.internal.installation.GradleInstallation$1                           : loaded 2 times (x 75B)
Class org.gradle.api.internal.classpath.ModuleRegistry                                : loaded 2 times (x 70B)
Class org.gradle.api.internal.classpath.DefaultModuleRegistry                         : loaded 2 times (x 86B)
Class org.gradle.util.internal.DefaultGradleVersion$Stage                             : loaded 2 times (x 75B)
Class org.gradle.internal.time.MonotonicClock                                         : loaded 2 times (x 77B)
Class org.gradle.internal.service.ServiceLookupException                              : loaded 2 times (x 82B)
Class org.gradle.internal.classloader.ClassLoaderFactory                              : loaded 2 times (x 70B)
Class org.gradle.internal.service.CachingServiceLocator                               : loaded 2 times (x 82B)
Class org.gradle.internal.time.TimeSource                                             : loaded 2 times (x 70B)
Class org.gradle.tooling.internal.gradle.GradleBuildIdentity                          : loaded 2 times (x 70B)
Class kotlin.enums.EnumEntries                                                        : loaded 2 times (x 70B)
Class org.gradle.internal.exceptions.ResolutionProvider                               : loaded 2 times (x 70B)
Class org.gradle.tooling.model.ProjectIdentifier                                      : loaded 2 times (x 70B)
Class org.gradle.internal.classloader.ClasspathUtil                                   : loaded 2 times (x 71B)
Class org.gradle.internal.time.TimeSource$1                                           : loaded 2 times (x 77B)
Class kotlin.jvm.internal.DefaultConstructorMarker                                    : loaded 2 times (x 71B)
Class org.gradle.api.specs.Spec                                                       : loaded 2 times (x 70B)
Class com.intellij.gradle.toolingExtension.impl.model.utilDummyModel.DummyModel       : loaded 2 times (x 70B)
Class org.gradle.internal.time.Clock                                                  : loaded 2 times (x 70B)
Class kotlin.collections.AbstractList                                                 : loaded 2 times (x 197B)
Class kotlin.collections.AbstractCollection                                           : loaded 2 times (x 117B)
Class org.gradle.internal.impldep.com.google.common.base.Preconditions                : loaded 2 times (x 71B)
Class org.gradle.internal.classloader.VisitableURLClassLoader$InstrumentingVisitableURLClassLoader: loaded 2 times (x 123B)
Class org.gradle.internal.classloader.VisitableURLClassLoader$Spec                    : loaded 2 times (x 74B)
Class org.gradle.internal.classpath.DefaultClassPath                                  : loaded 2 times (x 90B)
Class org.gradle.util.internal.DefaultGradleVersion                                   : loaded 2 times (x 80B)
Class org.gradle.internal.classloader.ClassLoaderSpec                                 : loaded 2 times (x 71B)
Class Settings_gradle$1$1                                                             : loaded 2 times (x 74B)
Class kotlin.Unit                                                                     : loaded 2 times (x 71B)
Class org.gradle.internal.classloader.VisitableURLClassLoader                         : loaded 2 times (x 117B)
Class Settings_gradle                                                                 : loaded 2 times (x 128B)
Class org.gradle.internal.classloader.ClassLoaderHierarchy                            : loaded 2 times (x 70B)
Class org.gradle.internal.classloader.FilteringClassLoader                            : loaded 2 times (x 105B)
Class kotlin.jvm.functions.Function1                                                  : loaded 2 times (x 70B)
Class org.gradle.internal.classpath.DefaultClassPath$ImmutableUniqueList$Builder      : loaded 2 times (x 75B)
Class org.gradle.internal.classpath.ClassPath                                         : loaded 2 times (x 70B)
Class org.gradle.internal.exceptions.NonGradleCauseExceptionsHolder                   : loaded 2 times (x 70B)
Class org.jetbrains.plugins.gradle.tooling.ModelBuilderService$Parameter              : loaded 2 times (x 70B)
Class kotlin.NotImplementedError                                                      : loaded 2 times (x 82B)
Class kotlin.enums.EnumEntriesKt                                                      : loaded 2 times (x 71B)
Class org.gradle.internal.classloader.SystemClassLoaderSpec                           : loaded 2 times (x 71B)
Class org.gradle.internal.exceptions.MultiCauseException                              : loaded 2 times (x 70B)
Class org.gradle.internal.time.CountdownTimer                                         : loaded 2 times (x 70B)
Class kotlin.jvm.internal.Intrinsics                                                  : loaded 2 times (x 71B)
Class org.gradle.tooling.model.ProjectModel                                           : loaded 2 times (x 70B)
Class kotlin.KotlinNullPointerException                                               : loaded 2 times (x 83B)
Class org.gradle.internal.exceptions.DefaultMultiCauseException                       : loaded 2 times (x 95B)
Class org.gradle.internal.time.Time                                                   : loaded 2 times (x 71B)
Class org.gradle.api.internal.classpath.GlobalCacheRootsProvider                      : loaded 2 times (x 70B)
Class org.gradle.tooling.model.BuildIdentifier                                        : loaded 2 times (x 70B)
Class org.gradle.internal.time.Timer                                                  : loaded 2 times (x 70B)
Class kotlin.jvm.internal.markers.KMappedMarker                                       : loaded 2 times (x 70B)
Class org.gradle.internal.installation.CurrentGradleInstallationLocator               : loaded 2 times (x 71B)
Class org.gradle.internal.service.DefaultServiceLocator                               : loaded 2 times (x 83B)
Class org.gradle.util.GradleVersion                                                   : loaded 2 times (x 79B)
Class org.gradle.internal.installation.CurrentGradleInstallation                      : loaded 2 times (x 73B)
Class org.gradle.util.internal.GUtil                                                  : loaded 2 times (x 71B)
Class org.gradle.internal.installation.GradleInstallation                             : loaded 2 times (x 75B)

---------------  S Y S T E M  ---------------

OS:
 Windows 11 , 64 bit Build 22621 (10.0.22621.3958)
OS uptime: 0 days 10:59 hours
Hyper-V role detected

CPU: total 4 (initial active 4) (2 cores per cpu, 2 threads per core) family 6 model 78 stepping 3 microcode 0xd6, cx8, cmov, fxsr, ht, mmx, 3dnowpref, sse, sse2, sse3, ssse3, sse4.1, sse4.2, popcnt, lzcnt, tsc, tscinvbit, avx, avx2, aes, erms, clmul, bmi1, bmi2, rtm, adx, fma, vzeroupper, clflush, clflushopt, hv, rdtscp, f16c
Processor Information for the first 4 processors :
  Max Mhz: 2808, Current Mhz: 2607, Mhz Limit: 2583

Memory: 4k page, system-wide physical 8072M (777M free)
TotalPageFile size 8072M (AvailPageFile size 6M)
current process WorkingSet (physical memory assigned to process): 367M, peak: 368M
current process commit charge ("private bytes"): 396M, peak: 400M

vm_info: OpenJDK 64-Bit Server VM (21.0.8+-14196175-b1038.72) for windows-amd64 JRE (21.0.8+-14196175-b1038.72), built on 2025-10-01T10:24:33Z by "builder" with MS VC++ 16.10 / 16.11 (VS2019)

END.
